make: Entering directory '/src'
make[1]: Entering directory '/build'
  GEN     Makefile
  UPD     include/generated/compile.h
  CALL    /src/scripts/checksyscalls.sh
  CC      init/version.o
  AR      init/built-in.a
  CC [M]  sound/pci/snd-xenon.o
  AR      built-in.a
  AR      vmlinux.a
  LD      vmlinux.o
  GEN     .vmlinux.objs
  MODPOST Module.symvers
  UPD     include/generated/utsversion.h
  CC      init/version-timestamp.o
  KSYMS   .tmp_vmlinux0.kallsyms.S
  AS      .tmp_vmlinux0.kallsyms.o
  LD      .tmp_vmlinux1
  CC [M]  sound/pci/snd-xenon.mod.o
  NM      .tmp_vmlinux1.syms
  LD [M]  sound/pci/snd-xenon.ko
  KSYMS   .tmp_vmlinux1.kallsyms.S
  AS      .tmp_vmlinux1.kallsyms.o
  LD      .tmp_vmlinux2
  NM      .tmp_vmlinux2.syms
  KSYMS   .tmp_vmlinux2.kallsyms.S
  AS      .tmp_vmlinux2.kallsyms.o
  LD      vmlinux.unstripped
  NM      System.map
  SORTTAB vmlinux.unstripped
make[4]: Nothing to be done for 'vmlinux.unstripped'.
  OBJCOPY vmlinux
  GEN     modules.builtin.modinfo
  GEN     modules.builtin
make[1]: Leaving directory '/build'
make: Leaving directory '/src'
