[  2480.347] 
X.Org X Server 1.21.1.24
X Protocol Version 11, Revision 0
[  2480.347] Current Operating System: Linux xbox-linux 6.18.11-xenon #1 SMP Wed, 18 Feb 2026 08:26:42 +0000 ppc64
[  2480.347] Kernel command line: root=UUID=e9584d6f-d7ed-40ba-80a2-6834f8d91f31 coherent_pool=16M rw
[  2480.347]  
[  2480.347] Current version of pixman: 0.46.4
[  2480.347] 	Before reporting problems, check http://wiki.x.org
	to make sure that you have the latest version.
[  2480.347] Markers: (--) probed, (**) from config file, (==) default setting,
	(++) from command line, (!!) notice, (II) informational,
	(WW) warning, (EE) error, (NI) not implemented, (??) unknown.
[  2480.348] (==) Log file: "/home/xbox/.local/share/xorg/Xorg.0.log", Time: Thu Oct  1 21:47:26 2026
[  2480.348] (==) Using config directory: "/etc/X11/xorg.conf.d"
[  2480.349] (==) Using system config directory "/usr/share/X11/xorg.conf.d"
[  2480.350] (==) No Layout section.  Using the first Screen section.
[  2480.350] (**) |-->Screen "XboxScreen" (0)
[  2480.350] (**) |   |-->Monitor "<default monitor>"
[  2480.352] (**) |   |-->Device "XboxVideo"
[  2480.352] (==) No monitor specified for screen "XboxScreen".
	Using a default monitor configuration.
[  2480.352] (**) Allowing byte-swapped clients
[  2480.352] (==) Automatically adding devices
[  2480.352] (==) Automatically enabling devices
[  2480.352] (==) Automatically adding GPU devices
[  2480.352] (==) Automatically binding GPU devices
[  2480.352] (==) Max clients allowed: 256, resource mask: 0x1fffff
[  2480.352] (WW) The directory "/usr/share/fonts/misc/" does not exist.
[  2480.352] 	Entry deleted from font path.
[  2480.352] (WW) `fonts.dir' not found (or not valid) in "/usr/share/fonts/TTF/".
[  2480.352] 	Entry deleted from font path.
[  2480.352] 	(Run 'mkfontdir' on "/usr/share/fonts/TTF/").
[  2480.352] (WW) The directory "/usr/share/fonts/OTF/" does not exist.
[  2480.352] 	Entry deleted from font path.
[  2480.352] (WW) The directory "/usr/share/fonts/Type1/" does not exist.
[  2480.353] 	Entry deleted from font path.
[  2480.353] (WW) The directory "/usr/share/fonts/100dpi/" does not exist.
[  2480.353] 	Entry deleted from font path.
[  2480.353] (WW) The directory "/usr/share/fonts/75dpi/" does not exist.
[  2480.353] 	Entry deleted from font path.
[  2480.353] (==) FontPath set to:
	
[  2480.353] (==) ModulePath set to "/usr/lib/xorg/modules"
[  2480.353] (II) The server relies on udev to provide the list of input devices.
	If no devices become available, reconfigure udev or disable AutoAddDevices.
[  2480.353] (II) Loader magic: 0x9216e0
[  2480.353] (II) Module ABI versions:
[  2480.353] 	X.Org ANSI C Emulation: 0.4
[  2480.353] 	X.Org Video Driver: 25.2
[  2480.353] 	X.Org XInput driver : 24.4
[  2480.353] 	X.Org Server Extension : 10.0
[  2480.355] (++) using VT number 1

[  2480.360] (II) systemd-logind: took control of session /org/freedesktop/login1/session/c38
[  2480.369] (II) xfree86: Adding drm device (/dev/dri/card0)
[  2480.369] (II) Platform probe for /sys/devices/platform/xenon-pci/pci0000:01/0000:01:0f.0/drm/card0
[  2480.373] (II) systemd-logind: got fd for /dev/dri/card0 226:0 fd 12 paused 0
[  2480.387] (--) PCI: (1@0:15:0) 1414:5831:0000:0000 rev 17, Mem @ 0xec800000/131072
[  2480.387] (II) no primary bus or device found
[  2480.387] 	falling back to /sys/devices/platform/xenon-pci/pci0000:01/0000:01:0f.0/drm/card0
[  2480.387] (II) LoadModule: "glx"
[  2480.388] (II) Loading /usr/lib/xorg/modules/extensions/libglx.so
[  2480.479] (II) Module glx: vendor="X.Org Foundation"
[  2480.480] 	compiled for 1.21.1.24, module version = 1.0.0
[  2480.480] 	ABI class: X.Org Server Extension, version 10.0
[  2480.480] (II) LoadModule: "modesetting"
[  2480.480] (II) Loading /usr/lib/xorg/modules/drivers/modesetting_drv.so
[  2480.481] (II) Module modesetting: vendor="X.Org Foundation"
[  2480.481] 	compiled for 1.21.1.24, module version = 1.21.1
[  2480.481] 	Module class: X.Org Video Driver
[  2480.481] 	ABI class: X.Org Video Driver, version 25.2
[  2480.482] (II) modesetting: Driver for Modesetting Kernel Drivers: kms
[  2480.482] (II) modeset(0): using drv /dev/dri/card0
[  2480.482] (WW) VGA arbiter: cannot open kernel arbiter, no multi-card support
[  2480.483] (II) modeset(0): Creating default Display subsection in Screen section
	"XboxScreen" for depth/fbbpp 24/32
[  2480.483] (**) modeset(0): Depth 24, (--) framebuffer bpp 32
[  2480.483] (**) modeset(0): Option "SWcursor" "true"
[  2480.483] (**) modeset(0): Option "kmsdev" "/dev/dri/card0"
[  2480.483] (**) modeset(0): Option "AccelMethod" "none"
[  2480.483] (**) modeset(0): Option "PageFlip" "false"
[  2480.483] (==) modeset(0): RGB weight 888
[  2480.483] (==) modeset(0): Default visual is TrueColor
[  2480.483] (**) modeset(0): glamor disabled
[  2480.483] (II) modeset(0): ShadowFB: preferred NO, enabled NO
[  2480.484] (II) modeset(0): Output None-1 has no monitor section
[  2480.502] (II) modeset(0): EDID for output None-1
[  2480.525] (II) modeset(0): Printing probed modes for output None-1
[  2480.525] (II) modeset(0): Modeline "1280x720"x60.0   55.30  1280 1280 1280 1280  720 720 720 720 (43.2 kHz eP)
[  2480.525] (II) modeset(0): Output None-1 connected
[  2480.525] (II) modeset(0): Using exact sizes for initial modes
[  2480.525] (II) modeset(0): Output None-1 using initial mode 1280x720 +0+0
[  2480.526] (==) modeset(0): Using gamma correction (1.0, 1.0, 1.0)
[  2480.526] (==) modeset(0): DPI set to (96, 96)
[  2480.526] (II) Loading sub module "fb"
[  2480.526] (II) LoadModule: "fb"
[  2480.526] (II) Module "fb" already built-in
[  2480.526] (==) Depth 24 pixmap format is 32 bpp
[  2480.535] (==) modeset(0): Backing store enabled
[  2480.535] (==) modeset(0): Silken mouse enabled
[  2480.571] (II) modeset(0): Initializing kms color map for depth 24, 8 bpc.
[  2480.572] (==) modeset(0): DPMS enabled
[  2480.572] (II) Initializing extension Generic Event Extension
[  2480.572] (II) Initializing extension SHAPE
[  2480.572] (II) Initializing extension MIT-SHM
[  2480.572] (II) Initializing extension XInputExtension
[  2480.572] (II) Initializing extension XTEST
[  2480.572] (II) Initializing extension BIG-REQUESTS
[  2480.572] (II) Initializing extension SYNC
[  2480.572] (II) Initializing extension XKEYBOARD
[  2480.572] (II) Initializing extension XC-MISC
[  2480.573] (II) Initializing extension XFIXES
[  2480.573] (II) Initializing extension RENDER
[  2480.573] (II) Initializing extension RANDR
[  2480.573] (II) Initializing extension COMPOSITE
[  2480.573] (II) Initializing extension DAMAGE
[  2480.573] (II) Initializing extension MIT-SCREEN-SAVER
[  2480.573] (II) Initializing extension DOUBLE-BUFFER
[  2480.573] (II) Initializing extension RECORD
[  2480.573] (II) Initializing extension DPMS
[  2480.573] (II) Initializing extension Present
[  2480.573] (II) Initializing extension DRI3
[  2480.573] (II) Initializing extension X-Resource
[  2480.573] (II) Initializing extension XVideo
[  2480.573] (II) Initializing extension XVideo-MotionCompensation
[  2480.573] (II) Initializing extension GLX
[  2480.588] (II) AIGLX: Screen 0 is not DRI2 capable
[  2487.768] (II) IGLX: Loaded and initialized swrast
[  2487.781] (II) GLX: Initialized DRISWRAST GL provider for screen 0
[  2487.781] (II) Initializing extension XFree86-VidModeExtension
[  2487.781] (II) Initializing extension XFree86-DGA
[  2487.781] (II) Initializing extension XFree86-DRI
[  2487.781] (II) Initializing extension DRI2
[  2487.798] (II) modeset(0): Damage tracking initialized
[  2487.798] (II) modeset(0): Setting screen physical size to 338 x 190
[  2490.274] (II) config/udev: Adding input device MCHOSE Jet75-II (/dev/input/event0)
[  2490.274] (**) MCHOSE Jet75-II: Applying InputClass "libinput keyboard catchall"
[  2490.274] (II) LoadModule: "libinput"
[  2490.295] (II) Loading /usr/lib/xorg/modules/input/libinput_drv.so
[  2491.360] (II) Module libinput: vendor="X.Org Foundation"
[  2491.361] 	compiled for 1.21.1.13, module version = 1.5.0
[  2491.361] 	Module class: X.Org XInput Driver
[  2491.361] 	ABI class: X.Org XInput driver, version 24.4
[  2491.361] (II) Using input driver 'libinput' for 'MCHOSE Jet75-II'
[  2491.392] (II) systemd-logind: got fd for /dev/input/event0 13:64 fd 20 paused 0
[  2491.393] (**) MCHOSE Jet75-II: always reports core events
[  2491.393] (**) Option "Device" "/dev/input/event0"
[  2491.514] (II) event0  - MCHOSE Jet75-II: is tagged by udev as: Keyboard
[  2491.515] (II) event0  - MCHOSE Jet75-II: device is a keyboard
[  2491.516] (II) event0  - MCHOSE Jet75-II: device removed
[  2491.516] (**) Option "config_info" "udev:/sys/devices/platform/xenon-pci/pci0000:01/0000:01:04.1/usb2/2-2/2-2:1.0/0003:41E4:211A.0004/input/input6/event0"
[  2491.516] (II) XINPUT: Adding extended input device "MCHOSE Jet75-II" (type: KEYBOARD, id 6)
[  2491.538] (II) event0  - MCHOSE Jet75-II: is tagged by udev as: Keyboard
[  2491.539] (II) event0  - MCHOSE Jet75-II: device is a keyboard
[  2491.564] (II) config/udev: Adding input device MCHOSE Jet75-II (/dev/input/event1)
[  2491.565] (II) No input driver specified, ignoring this device.
[  2491.565] (II) This device may have been added with another device file.
[  2491.578] (II) config/udev: Adding input device MCHOSE Jet75-II Wireless Radio Control (/dev/input/event4)
[  2491.578] (II) No input driver specified, ignoring this device.
[  2491.578] (II) This device may have been added with another device file.
[  2491.594] (II) config/udev: Adding input device MCHOSE Jet75-II Keyboard (/dev/input/event2)
[  2491.594] (**) MCHOSE Jet75-II Keyboard: Applying InputClass "libinput keyboard catchall"
[  2491.594] (II) Using input driver 'libinput' for 'MCHOSE Jet75-II Keyboard'
[  2491.600] (II) systemd-logind: got fd for /dev/input/event2 13:66 fd 23 paused 0
[  2491.600] (**) MCHOSE Jet75-II Keyboard: always reports core events
[  2491.600] (**) Option "Device" "/dev/input/event2"
[  2491.621] (II) event2  - MCHOSE Jet75-II Keyboard: is tagged by udev as: Keyboard
[  2491.622] (II) event2  - MCHOSE Jet75-II Keyboard: device is a keyboard
[  2491.625] (II) event2  - MCHOSE Jet75-II Keyboard: device removed
[  2491.625] (II) libinput: MCHOSE Jet75-II Keyboard: needs a virtual subdevice
[  2491.625] (**) Option "config_info" "udev:/sys/devices/platform/xenon-pci/pci0000:01/0000:01:04.1/usb2/2-2/2-2:1.2/0003:41E4:211A.0006/input/input8/event2"
[  2491.625] (II) XINPUT: Adding extended input device "MCHOSE Jet75-II Keyboard" (type: MOUSE, id 7)
[  2491.626] (**) Option "AccelerationScheme" "none"
[  2491.626] (**) MCHOSE Jet75-II Keyboard: (accel) selected scheme none/0
[  2491.626] (**) MCHOSE Jet75-II Keyboard: (accel) acceleration factor: 2.000
[  2491.626] (**) MCHOSE Jet75-II Keyboard: (accel) acceleration threshold: 4
[  2491.647] (II) event2  - MCHOSE Jet75-II Keyboard: is tagged by udev as: Keyboard
[  2491.648] (II) event2  - MCHOSE Jet75-II Keyboard: device is a keyboard
[  2491.666] (II) config/udev: Adding input device MCHOSE Jet75-II Mouse (/dev/input/event3)
[  2491.666] (**) MCHOSE Jet75-II Mouse: Applying InputClass "libinput pointer catchall"
[  2491.666] (II) Using input driver 'libinput' for 'MCHOSE Jet75-II Mouse'
[  2491.672] (II) systemd-logind: got fd for /dev/input/event3 13:67 fd 24 paused 0
[  2491.673] (**) MCHOSE Jet75-II Mouse: always reports core events
[  2491.673] (**) Option "Device" "/dev/input/event3"
[  2491.693] (II) event3  - MCHOSE Jet75-II Mouse: is tagged by udev as: Mouse
[  2491.695] (II) event3  - MCHOSE Jet75-II Mouse: device is a pointer
[  2491.697] (II) event3  - MCHOSE Jet75-II Mouse: device removed
[  2491.697] (II) libinput: MCHOSE Jet75-II Mouse: Step value 0 was provided, libinput Fallback acceleration function is used.
[  2491.697] (II) libinput: MCHOSE Jet75-II Mouse: Step value 0 was provided, libinput Fallback acceleration function is used.
[  2491.697] (II) libinput: MCHOSE Jet75-II Mouse: Step value 0 was provided, libinput Fallback acceleration function is used.
[  2491.697] (**) Option "config_info" "udev:/sys/devices/platform/xenon-pci/pci0000:01/0000:01:04.1/usb2/2-2/2-2:1.2/0003:41E4:211A.0006/input/input9/event3"
[  2491.697] (II) XINPUT: Adding extended input device "MCHOSE Jet75-II Mouse" (type: MOUSE, id 8)
[  2491.699] (**) Option "AccelerationScheme" "none"
[  2491.699] (**) MCHOSE Jet75-II Mouse: (accel) selected scheme none/0
[  2491.699] (**) MCHOSE Jet75-II Mouse: (accel) acceleration factor: 2.000
[  2491.699] (**) MCHOSE Jet75-II Mouse: (accel) acceleration threshold: 4
[  2491.719] (II) event3  - MCHOSE Jet75-II Mouse: is tagged by udev as: Mouse
[  2491.721] (II) event3  - MCHOSE Jet75-II Mouse: device is a pointer
[  2491.738] (II) config/udev: Adding input device MCHOSE Jet75-II Mouse (/dev/input/mouse0)
[  2491.739] (II) No input driver specified, ignoring this device.
[  2491.739] (II) This device may have been added with another device file.
[  2492.896] (**) MCHOSE Jet75-II Keyboard: Applying InputClass "libinput keyboard catchall"
[  2492.896] (II) Using input driver 'libinput' for 'MCHOSE Jet75-II Keyboard'
[  2492.896] (II) systemd-logind: returning pre-existing fd for /dev/input/event2 13:66
[  2492.896] (**) MCHOSE Jet75-II Keyboard: always reports core events
[  2492.896] (**) Option "Device" "/dev/input/event2"
[  2492.896] (II) libinput: MCHOSE Jet75-II Keyboard: is a virtual subdevice
[  2492.896] (**) Option "config_info" "udev:/sys/devices/platform/xenon-pci/pci0000:01/0000:01:04.1/usb2/2-2/2-2:1.2/0003:41E4:211A.0006/input/input8/event2"
[  2492.897] (II) XINPUT: Adding extended input device "MCHOSE Jet75-II Keyboard" (type: KEYBOARD, id 9)
