make: Entering directory '/src'
make[1]: Entering directory '/build'
  GEN     Makefile
  WRAP    arch/powerpc/include/generated/uapi/asm/bpf_perf_event.h
  UPD     include/generated/uapi/linux/version.h
  SYSHDR  arch/powerpc/include/generated/uapi/asm/unistd_32.h
  WRAP    arch/powerpc/include/generated/uapi/asm/param.h
  WRAP    arch/powerpc/include/generated/uapi/asm/poll.h
  WRAP    arch/powerpc/include/generated/uapi/asm/resource.h
  WRAP    arch/powerpc/include/generated/uapi/asm/siginfo.h
  UPD     include/config/kernel.release
  WRAP    arch/powerpc/include/generated/uapi/asm/sockios.h
  WRAP    arch/powerpc/include/generated/uapi/asm/statfs.h
  UPD     include/generated/utsrelease.h
  UPD     include/generated/compile.h
  HOSTCC  scripts/dtc/dtc.o
  SYSHDR  arch/powerpc/include/generated/uapi/asm/unistd_64.h
  WRAP    arch/powerpc/include/generated/asm/agp.h
  WRAP    arch/powerpc/include/generated/asm/mcs_spinlock.h
  WRAP    arch/powerpc/include/generated/asm/qrwlock.h
  WRAP    arch/powerpc/include/generated/asm/early_ioremap.h
  WRAP    arch/powerpc/include/generated/asm/cfi.h
  WRAP    arch/powerpc/include/generated/asm/div64.h
  WRAP    arch/powerpc/include/generated/asm/dma-mapping.h
  WRAP    arch/powerpc/include/generated/asm/irq_regs.h
  WRAP    arch/powerpc/include/generated/asm/kmap_size.h
  WRAP    arch/powerpc/include/generated/asm/local64.h
  WRAP    arch/powerpc/include/generated/asm/msi.h
  WRAP    arch/powerpc/include/generated/asm/rqspinlock.h
  WRAP    arch/powerpc/include/generated/asm/runtime-const.h
  WRAP    arch/powerpc/include/generated/asm/rwonce.h
  WRAP    arch/powerpc/include/generated/asm/simd.h
  WRAP    arch/powerpc/include/generated/asm/softirq_stack.h
  WRAP    arch/powerpc/include/generated/asm/unwind_user.h
  SYSTBL  arch/powerpc/include/generated/asm/syscall_table_32.h
  SYSTBL  arch/powerpc/include/generated/asm/syscall_table_64.h
  SYSTBL  arch/powerpc/include/generated/asm/syscall_table_spu.h
  HOSTCC  scripts/dtc/flattree.o
  HOSTCC  scripts/dtc/fstree.o
  HOSTCC  scripts/dtc/data.o
  HOSTCC  scripts/dtc/livetree.o
  HOSTCC  scripts/dtc/treesource.o
  HOSTCC  scripts/dtc/srcpos.o
  HOSTCC  scripts/dtc/checks.o
  HOSTCC  scripts/dtc/util.o
  LEX     scripts/dtc/dtc-lexer.lex.c
  YACC    scripts/dtc/dtc-parser.tab.[ch]
  HOSTCC  scripts/dtc/libfdt/fdt.o
  HOSTCC  scripts/dtc/libfdt/fdt_ro.o
  HOSTCC  scripts/dtc/libfdt/fdt_wip.o
  HOSTCC  scripts/dtc/libfdt/fdt_sw.o
  HOSTCC  scripts/dtc/libfdt/fdt_rw.o
  HOSTCC  scripts/dtc/libfdt/fdt_strerror.o
  HOSTCC  scripts/dtc/libfdt/fdt_empty_tree.o
  HOSTCC  scripts/dtc/libfdt/fdt_addresses.o
  HOSTCC  scripts/dtc/libfdt/fdt_overlay.o
  HOSTCC  scripts/dtc/fdtoverlay.o
  HOSTCC  scripts/dtc/dtc-lexer.lex.o
  HOSTCC  scripts/dtc/dtc-parser.tab.o
  HOSTLD  scripts/dtc/fdtoverlay
  HOSTLD  scripts/dtc/dtc
  HOSTCC  scripts/kallsyms
  HOSTCC  scripts/sorttable
  HOSTCC  scripts/asn1_compiler
  HOSTCC  scripts/genksyms/genksyms.o
  YACC    scripts/genksyms/parse.tab.[ch]
  LEX     scripts/genksyms/lex.lex.c
  HOSTCC  scripts/genksyms/parse.tab.o
  HOSTCC  scripts/genksyms/lex.lex.o
  HOSTLD  scripts/genksyms/genksyms
  CC      scripts/mod/empty.o
  HOSTCC  scripts/mod/mk_elfconfig
  CC      scripts/mod/devicetable-offsets.s
  MKELF   scripts/mod/elfconfig.h
  HOSTCC  scripts/mod/modpost.o
  HOSTCC  scripts/mod/sumversion.o
  HOSTCC  scripts/mod/symsearch.o
  UPD     scripts/mod/devicetable-offsets.h
  HOSTCC  scripts/mod/file2alias.o
  HOSTLD  scripts/mod/modpost
  CC      kernel/bounds.s
  CHKSHA1 /src/include/linux/atomic/atomic-arch-fallback.h
  CHKSHA1 /src/include/linux/atomic/atomic-instrumented.h
  CHKSHA1 /src/include/linux/atomic/atomic-long.h
  UPD     include/generated/timeconst.h
  UPD     include/generated/bounds.h
  CC      arch/powerpc/kernel/asm-offsets.s
  UPD     include/generated/asm-offsets.h
  CC      kernel/sched/rq-offsets.s
  UPD     include/generated/rq-offsets.h
  CALL    /src/scripts/checksyscalls.sh
  LDS     arch/powerpc/kernel/vdso/vdso32.lds
  VDSO32A arch/powerpc/kernel/vdso/sigtramp32-32.o
  VDSO32A arch/powerpc/kernel/vdso/gettimeofday-32.o
  VDSO32A arch/powerpc/kernel/vdso/datapage-32.o
  VDSO32A arch/powerpc/kernel/vdso/cacheflush-32.o
  VDSO32A arch/powerpc/kernel/vdso/note-32.o
  VDSO32A arch/powerpc/kernel/vdso/getcpu-32.o
  VDSO32A arch/powerpc/kernel/vdso/getrandom-32.o
  VDSO32A arch/powerpc/kernel/vdso/vgetrandom-chacha-32.o
  VDSO32C arch/powerpc/kernel/vdso/vgettimeofday-32.o
  VDSO32C arch/powerpc/kernel/vdso/vgetrandom-32.o
  VDSO32A arch/powerpc/kernel/vdso/crtsavres-32.o
  VDSO32L arch/powerpc/kernel/vdso/vdso32.so.dbg
  VDSO32SYM include/generated/vdso32-offsets.h
  LDS     arch/powerpc/kernel/vdso/vdso64.lds
  VDSO64A arch/powerpc/kernel/vdso/sigtramp64-64.o
  VDSO64A arch/powerpc/kernel/vdso/gettimeofday-64.o
  VDSO64A arch/powerpc/kernel/vdso/datapage-64.o
  VDSO64A arch/powerpc/kernel/vdso/cacheflush-64.o
  VDSO64A arch/powerpc/kernel/vdso/note-64.o
  VDSO64A arch/powerpc/kernel/vdso/getcpu-64.o
  VDSO64A arch/powerpc/kernel/vdso/getrandom-64.o
  VDSO64A arch/powerpc/kernel/vdso/vgetrandom-chacha-64.o
  CC      arch/powerpc/kernel/vdso/vgettimeofday-64.o
  CC      arch/powerpc/kernel/vdso/vgetrandom-64.o
  VDSO64L arch/powerpc/kernel/vdso/vdso64.so.dbg
  VDSO64SYM include/generated/vdso64-offsets.h
  HOSTCC  usr/gen_init_cpio
  CC      init/main.o
  CC      arch/powerpc/kernel/ptrace/ptrace.o
  CC      kernel/sched/core.o
  GEN     usr/initramfs_data.cpio
  COPY    usr/initramfs_inc_data
  AS      usr/initramfs_data.o
  AR      usr/built-in.a
  AR      arch/powerpc/kernel/trace/built-in.a
  CC      arch/powerpc/kernel/ptrace/ptrace-view.o
  CC      arch/powerpc/mm/book3s64/mmu_context.o
  CC      arch/powerpc/kernel/ptrace/ptrace-fpu.o
  CC      arch/powerpc/kernel/ptrace/ptrace32.o
  UPD     init/utsversion-tmp.h
  CC      init/do_mounts.o
  CC      arch/powerpc/mm/book3s64/pgtable.o
  CC      kernel/sched/fair.o
  CC      arch/powerpc/kernel/ptrace/ptrace-novsx.o
  CC      arch/powerpc/kernel/ptrace/ptrace-altivec.o
  CC      init/do_mounts_initrd.o
  CC      arch/powerpc/kernel/ptrace/ptrace-noadv.o
  CC      arch/powerpc/mm/book3s64/trace.o
  CC      arch/powerpc/mm/book3s64/hash_pgtable.o
  CC      init/initramfs.o
  AR      arch/powerpc/kernel/ptrace/built-in.a
  CC      arch/powerpc/kernel/cputable.o
  CC      arch/powerpc/mm/book3s64/hash_utils.o
  CC      kernel/sched/build_policy.o
  CC      arch/powerpc/kernel/syscalls.o
  CC      init/init_task.o
  CC      arch/powerpc/mm/book3s64/hash_tlb.o
  AS      arch/powerpc/kernel/switch.o
  CC      arch/powerpc/kernel/irq.o
  CC      init/version.o
  CC      arch/powerpc/mm/book3s64/slb.o
  CC      arch/powerpc/kernel/align.o
  CC      kernel/sched/build_utility.o
  CC      arch/powerpc/mm/book3s64/slice.o
  AR      init/built-in.a
  CC      arch/powerpc/mm/book3s64/hash_native.o
  CC      arch/powerpc/kernel/signal_64.o
  CC      kernel/locking/mutex.o
  CC      arch/powerpc/mm/book3s64/hash_64k.o
  CC      arch/powerpc/kernel/pmc.o
  CC      arch/powerpc/kernel/vdso.o
  CC      arch/powerpc/mm/book3s64/hugetlbpage.o
  CC      kernel/locking/semaphore.o
  AR      kernel/sched/built-in.a
  CC      kernel/locking/rwsem.o
  CC      arch/powerpc/kernel/process.o
  AR      certs/built-in.a
  CC      arch/powerpc/lib/code-patching.o
  CC      kernel/locking/percpu-rwsem.o
  CC      arch/powerpc/mm/book3s64/pkeys.o
  CC      arch/powerpc/lib/feature-fixups.o
  CC      kernel/locking/mutex-debug.o
  AR      arch/powerpc/mm/book3s64/built-in.a
  CC      arch/powerpc/mm/fault.o
  CC      arch/powerpc/kernel/systbl.o
  CC      kernel/locking/spinlock.o
  CC      arch/powerpc/lib/pmem.o
  CC      arch/powerpc/mm/mem.o
  CC      arch/powerpc/kernel/idle.o
  CC      kernel/locking/osq_lock.o
  AS      arch/powerpc/lib/string.o
  CC      kernel/locking/rtmutex_api.o
  CC      arch/powerpc/kernel/signal.o
  CC      arch/powerpc/mm/pgtable.o
  AS      arch/powerpc/lib/memcmp_64.o
  AS      arch/powerpc/lib/copyuser_power7.o
  AS      arch/powerpc/lib/copypage_power7.o
  AS      arch/powerpc/lib/memcpy_power7.o
  CC      arch/powerpc/lib/restart_table.o
  CC      kernel/locking/spinlock_debug.o
  CC      arch/powerpc/kernel/sysfs.o
  CC      arch/powerpc/mm/maccess.o
  CC      arch/powerpc/lib/qspinlock.o
  CC      arch/powerpc/mm/pageattr.o
  CC      arch/powerpc/kernel/cacheinfo.o
  CC      kernel/locking/qrwlock.o
  CC      arch/powerpc/mm/init_64.o
  CC      arch/powerpc/kernel/time.o
  AS      arch/powerpc/lib/checksum_64.o
  CC      arch/powerpc/lib/checksum_wrappers.o
  AR      kernel/locking/built-in.a
  CC      kernel/power/qos.o
  CC      arch/powerpc/mm/pgtable_64.o
  AS      arch/powerpc/lib/string_64.o
  CC      arch/powerpc/kernel/prom.o
  CC      arch/powerpc/lib/sstep.o
  CC      arch/powerpc/mm/pgtable-frag.o
  CC      kernel/power/process.o
  CC      arch/powerpc/mm/ioremap.o
  AS      arch/powerpc/lib/ldstfp.o
  CC      arch/powerpc/kernel/traps.o
  CC      arch/powerpc/lib/xor_vmx.o
  CC      kernel/power/poweroff.o
  CC      arch/powerpc/lib/xor_vmx_glue.o
  AR      kernel/power/built-in.a
  CC      kernel/printk/printk.o
  AS      arch/powerpc/lib/copypage_64.o
  CC      arch/powerpc/mm/ioremap_64.o
  AS      arch/powerpc/lib/copyuser_64.o
  AS      arch/powerpc/lib/mem_64.o
  CC      arch/powerpc/kernel/setup-common.o
  CC      arch/powerpc/mm/init-common.o
  AS      arch/powerpc/lib/hweight_64.o
  AS      arch/powerpc/lib/memcpy_64.o
  CC      kernel/printk/printk_safe.o
  AS      arch/powerpc/lib/copy_mc_64.o
  CC      arch/powerpc/mm/mmu_context.o
  CC      arch/powerpc/kernel/udbg.o
  CC      arch/powerpc/lib/vmx-helper.o
  AS      arch/powerpc/kernel/misc.o
  CC      arch/powerpc/mm/drmem.o
  CC      kernel/printk/nbcon.o
  CC      arch/powerpc/kernel/io.o
  AS      arch/powerpc/lib/quad.o
  AS      arch/powerpc/lib/crtsavres.o
  AR      arch/powerpc/lib/built-in.a
  CC      kernel/printk/printk_ringbuffer.o
  CC      arch/powerpc/mm/cacheflush.o
  AS      arch/powerpc/kernel/misc_64.o
  CC      kernel/printk/sysctl.o
  CC      kernel/irq/irqdesc.o
  CC      arch/powerpc/kernel/prom_parse.o
  AR      kernel/printk/built-in.a
  CC      arch/powerpc/kernel/firmware.o
  CC      arch/powerpc/mm/hugetlbpage.o
  CC      arch/powerpc/kernel/hw_breakpoint_constraints.o
  AR      arch/powerpc/sysdev/built-in.a
  CC      kernel/rcu/update.o
  CC      kernel/irq/handle.o
  CC      arch/powerpc/mm/dma-noncoherent.o
  CC      arch/powerpc/kernel/interrupt.o
  CC      kernel/irq/manage.o
  AR      arch/powerpc/mm/built-in.a
  CC      kernel/rcu/sync.o
  CC      arch/powerpc/kernel/kdebugfs.o
  CC      kernel/rcu/srcutree.o
  CC      mm/filemap.o
  CC      arch/powerpc/kernel/stacktrace.o
  CC      kernel/irq/spurious.o
  CC      kernel/rcu/tree.o
  CC      arch/powerpc/kernel/syscall.o
  CC      kernel/irq/resend.o
  CC      mm/mempool.o
  CC      arch/powerpc/kernel/setup_64.o
  CC      kernel/irq/chip.o
  CC      mm/oom_kill.o
  CC      arch/powerpc/kernel/irq_64.o
  CC      kernel/irq/dummychip.o
  CC      kernel/rcu/rcu_segcblist.o
  AR      kernel/rcu/built-in.a
  AR      kernel/livepatch/built-in.a
  CC      arch/powerpc/platforms/xenon/setup.o
  CC      mm/fadvise.o
  CC      kernel/irq/devres.o
  CC      arch/powerpc/kernel/paca.o
  CC      arch/powerpc/platforms/xenon/interrupt.o
  CC      kernel/irq/kexec.o
  CC      arch/powerpc/kernel/nvram_64.o
  CC      mm/maccess.o
  CC      arch/powerpc/platforms/xenon/pci.o
  CC      kernel/irq/irqdomain.o
  AS      arch/powerpc/kernel/note.o
  CC      arch/powerpc/kernel/sys_ppc32.o
  CC      arch/powerpc/platforms/xenon/time.o
  CC      mm/page-writeback.o
  CC      arch/powerpc/platforms/xenon/hardware.o
  CC      arch/powerpc/kernel/signal_32.o
  CC      kernel/irq/proc.o
  CC      arch/powerpc/platforms/xenon/smp.o
  CC      arch/powerpc/platforms/xenon/xe_udbg.o
  CC      kernel/irq/cpuhotplug.o
  AS      arch/powerpc/kernel/vdso32_wrapper.o
  CC      mm/folio-compat.o
  CC      arch/powerpc/kernel/dawr.o
  AR      arch/powerpc/platforms/xenon/built-in.a
  AR      arch/powerpc/platforms/book3s/built-in.a
  AR      arch/powerpc/platforms/built-in.a
  CC      mm/readahead.o
  CC      kernel/irq/msi.o
  AS      arch/powerpc/kernel/cpu_setup_ppc970.o
  AS      arch/powerpc/kernel/cpu_setup_pa6t.o
  CC      arch/powerpc/kernel/cpu_setup_power.o
  CC      kernel/irq/affinity.o
  CC      arch/powerpc/kernel/dexcr.o
  CC      fs/notify/dnotify/dnotify.o
  CC      arch/powerpc/kernel/mce.o
  CC      mm/swap.o
  AR      kernel/irq/built-in.a
  CC      kernel/dma/mapping.o
  AR      fs/notify/dnotify/built-in.a
  CC      fs/notify/inotify/inotify_fsnotify.o
  CC      fs/notify/inotify/inotify_user.o
  CC      arch/powerpc/kernel/mce_power.o
  CC      kernel/dma/direct.o
  CC      mm/truncate.o
  CC      arch/powerpc/kernel/security.o
  AR      fs/notify/inotify/built-in.a
  CC      fs/notify/fanotify/fanotify.o
  CC      kernel/dma/ops_helpers.o
  CC      mm/vmscan.o
  CC      fs/notify/fanotify/fanotify_user.o
  AS      arch/powerpc/kernel/vdso64_wrapper.o
  CC      kernel/dma/dummy.o
  CC      arch/powerpc/kernel/vecemu.o
  CC      arch/powerpc/kernel/proc_powerpc.o
  CC      kernel/dma/coherent.o
  AR      fs/notify/fanotify/built-in.a
  CC      fs/notify/fsnotify.o
  CC      arch/powerpc/kernel/dt_cpu_ftrs.o
  CC      kernel/dma/pool.o
  CC      mm/shrinker.o
  CC      arch/powerpc/kernel/module.o
  CC      fs/notify/notification.o
  CC      kernel/dma/remap.o
  CC      arch/powerpc/kernel/module_64.o
  CC      mm/shmem.o
  AR      kernel/dma/built-in.a
  AR      kernel/entry/built-in.a
  AR      kernel/unwind/built-in.a
  CC      kernel/module/main.o
  CC      fs/notify/group.o
  CC      arch/powerpc/kernel/jump_label.o
  AS      arch/powerpc/kernel/head_64.o
  CC      fs/notify/mark.o
  CC      arch/powerpc/kernel/dma-iommu.o
  CC      mm/util.o
  CC      kernel/module/strict_rwx.o
  CC      arch/powerpc/kernel/iommu.o
  CC      kernel/module/kmod.o
  CC      fs/notify/fdinfo.o
  CC      mm/mmzone.o
  AR      fs/notify/built-in.a
  CC      fs/nfs_common/nfsacl.o
  CC      kernel/module/kallsyms.o
  CC      arch/powerpc/kernel/smp.o
  CC      mm/vmstat.o
  CC      fs/nfs_common/grace.o
  CC      kernel/module/procfs.o
  CC      kernel/module/sysfs.o
  CC      mm/backing-dev.o
  CC      arch/powerpc/kernel/pci_64.o
  CC      fs/nfs_common/nfs_ssc.o
  CC      kernel/module/version.o
  CC      mm/mm_init.o
  AR      kernel/module/built-in.a
  CC      kernel/time/time.o
  CC      arch/powerpc/kernel/pci_dn.o
  CC      fs/nfs_common/common.o
  CC      arch/powerpc/kernel/pci-hotplug.o
  CC      mm/percpu.o
  CC      kernel/time/timer.o
  AR      fs/nfs_common/built-in.a
  CC      fs/iomap/trace.o
  CC      arch/powerpc/kernel/isa-bridge.o
  CC      fs/iomap/iter.o
  CC      mm/slab_common.o
  CC      kernel/time/hrtimer.o
  CC      fs/iomap/buffered-io.o
  CC      arch/powerpc/kernel/pci-common.o
  CC      kernel/time/sleep_timeout.o
  CC      mm/compaction.o
  CC      fs/iomap/direct-io.o
  CC      arch/powerpc/kernel/pci_of_scan.o
  CC      kernel/time/timekeeping.o
  CC      mm/show_mem.o
  CC      arch/powerpc/kernel/msi.o
  CC      fs/iomap/ioend.o
  CC      kernel/time/ntp.o
  CC      arch/powerpc/kernel/iomap.o
  CC      mm/interval_tree.o
  CC      fs/iomap/fiemap.o
  CC      kernel/time/clocksource.o
  CC      mm/list_lru.o
  AS      arch/powerpc/kernel/ppc_save_regs.o
  AS      arch/powerpc/kernel/fpu.o
  AS      arch/powerpc/kernel/vector.o
  CC      fs/iomap/seek.o
  CC      kernel/time/jiffies.o
  LDS     arch/powerpc/kernel/vmlinux.lds
  AR      arch/powerpc/kernel/built-in.a
  AR      arch/powerpc/math-emu/built-in.a
  AR      arch/powerpc/crypto/built-in.a
  AR      arch/powerpc/net/built-in.a
  CC      arch/powerpc/kexec/core.o
  CC      mm/workingset.o
  CC      fs/iomap/swapfile.o
  CC      kernel/time/timer_list.o
  CC      arch/powerpc/kexec/core_64.o
  CC      mm/debug.o
  CC      kernel/time/timeconv.o
  AR      fs/iomap/built-in.a
  CC      arch/powerpc/kexec/ranges.o
  CC      fs/quota/dquot.o
  CC      kernel/time/timecounter.o
  CC      kernel/time/alarmtimer.o
  CC      mm/gup.o
  CC      arch/powerpc/kexec/file_load.o
  CC      kernel/time/posix-timers.o
  CC      arch/powerpc/kexec/file_load_64.o
  CC      fs/quota/quota.o
  CC      mm/mmap_lock.o
  CC      arch/powerpc/kexec/elf_64.o
  CC      kernel/time/posix-cpu-timers.o
  CC      fs/quota/kqid.o
  CC      arch/powerpc/kexec/vmcore_info.o
  CC      mm/vma_init.o
  AR      fs/quota/built-in.a
  CC      fs/proc/task_mmu.o
  CC      kernel/time/posix-clock.o
  AR      arch/powerpc/kexec/built-in.a
  AS      arch/powerpc/purgatory/trampoline_64.o
  LD      arch/powerpc/purgatory/purgatory.ro
  AS      arch/powerpc/purgatory/kexec-purgatory.o
  AR      arch/powerpc/purgatory/built-in.a
  AR      arch/powerpc/built-in.a
  CC      kernel/time/itimer.o
  CC      mm/highmem.o
  CC      fs/proc/inode.o
  CC      mm/memory.o
  CC      mm/mincore.o
  CC      kernel/time/clockevents.o
  CC      fs/proc/root.o
  CC      mm/mlock.o
  CC      kernel/time/tick-common.o
  CC      fs/proc/base.o
  CC      mm/mmap.o
  CC      kernel/futex/core.o
  CC      fs/proc/generic.o
  CC      kernel/time/tick-broadcast.o
  CC      kernel/futex/syscalls.o
  CC      fs/proc/array.o
  CC      kernel/time/vsyscall.o
  CC      mm/mmu_gather.o
  CC      kernel/futex/pi.o
  CC      kernel/time/timekeeping_debug.o
  CC      fs/proc/fd.o
  CC      mm/mprotect.o
  CC      kernel/futex/requeue.o
  CC      kernel/time/namespace.o
  CC      fs/proc/proc_tty.o
  CC      kernel/futex/waitwake.o
  AR      kernel/time/built-in.a
  CC      ipc/compat.o
  CC      mm/mremap.o
  CC      fs/proc/cmdline.o
  AR      kernel/futex/built-in.a
  CC      kernel/cgroup/cgroup.o
  CC      ipc/util.o
  CC      fs/proc/consoles.o
  CC      mm/msync.o
  CC      fs/proc/cpuinfo.o
  CC      ipc/msgutil.o
  CC      mm/page_vma_mapped.o
  CC      fs/proc/devices.o
  CC      kernel/cgroup/rstat.o
  CC      ipc/msg.o
  CC      mm/pagewalk.o
  CC      fs/proc/interrupts.o
  CC      fs/proc/loadavg.o
  CC      kernel/cgroup/namespace.o
  CC      ipc/sem.o
  CC      mm/pgtable-generic.o
  CC      fs/proc/meminfo.o
  CC      kernel/cgroup/cgroup-v1.o
  CC      mm/rmap.o
  CC      ipc/shm.o
  CC      fs/proc/stat.o
  CC      fs/proc/uptime.o
  CC      ipc/syscall.o
  CC      kernel/cgroup/freezer.o
  CC      mm/vmalloc.o
  CC      fs/proc/util.o
  CC      kernel/cgroup/legacy_freezer.o
  CC      ipc/ipc_sysctl.o
  CC      fs/proc/version.o
  CC      kernel/cgroup/pids.o
  CC      ipc/mqueue.o
  CC      fs/proc/softirqs.o
  CC      mm/vma.o
  CC      kernel/cgroup/rdma.o
  CC      fs/proc/namespaces.o
  CC      ipc/namespace.o
  CC      mm/vma_exec.o
  CC      fs/proc/self.o
  CC      kernel/cgroup/cpuset.o
  CC      ipc/mq_sysctl.o
  CC      fs/proc/thread_self.o
  CC      mm/process_vm_access.o
  AR      ipc/built-in.a
  CC      kernel/bpf/core.o
  CC      fs/proc/proc_sysctl.o
  CC      mm/mseal.o
  CC      kernel/cgroup/misc.o
  CC      mm/page_alloc.o
  CC      kernel/bpf/syscall.o
  CC      fs/proc/proc_net.o
  AR      kernel/cgroup/built-in.a
  CC      kernel/fork.o
  CC      fs/proc/kcore.o
  CC      mm/page_frag_cache.o
  CC      kernel/bpf/verifier.o
  CC      fs/kernfs/mount.o
  CC      fs/proc/kmsg.o
  CC      mm/init-mm.o
  CC      fs/proc/page.o
  CC      fs/kernfs/inode.o
  CC      mm/memblock.o
  CC      fs/kernfs/dir.o
  AR      fs/proc/built-in.a
  CC      mm/slub.o
  CC      security/keys/gc.o
  CC      fs/kernfs/file.o
  CC      security/keys/key.o
  CC      kernel/bpf/inode.o
  CC      mm/madvise.o
  CC      fs/kernfs/symlink.o
  CC      security/keys/keyring.o
  CC      mm/page_io.o
  CC      kernel/bpf/helpers.o
  AR      fs/kernfs/built-in.a
  CC      fs/sysfs/file.o
  CC      mm/swap_state.o
  CC      security/keys/keyctl.o
  CC      fs/sysfs/dir.o
  CC      security/keys/permission.o
  CC      mm/swapfile.o
  CC      kernel/bpf/tnum.o
  CC      fs/sysfs/symlink.o
  CC      kernel/bpf/log.o
  CC      security/keys/process_keys.o
  CC      fs/sysfs/mount.o
  CC      mm/zswap.o
  CC      kernel/bpf/token.o
  CC      security/keys/request_key.o
  CC      fs/sysfs/group.o
  CC      kernel/bpf/liveness.o
  CC      mm/dmapool.o
  AR      fs/sysfs/built-in.a
  CC      fs/configfs/inode.o
  CC      security/keys/request_key_auth.o
  CC      mm/hugetlb.o
  CC      kernel/bpf/bpf_iter.o
  CC      security/keys/user_defined.o
  CC      fs/configfs/file.o
  CC      fs/configfs/dir.o
  CC      security/keys/compat.o
  CC      kernel/bpf/map_iter.o
  CC      mm/migrate.o
  CC      security/keys/proc.o
  CC      fs/configfs/symlink.o
  CC      kernel/bpf/task_iter.o
  CC      security/keys/sysctl.o
  CC      fs/configfs/mount.o
  CC      kernel/bpf/prog_iter.o
  AR      security/keys/built-in.a
  CC      security/integrity/iint.o
  CC      mm/page_counter.o
  CC      fs/configfs/item.o
  CC      mm/memcontrol.o
  CC      kernel/bpf/link_iter.o
  AR      security/integrity/built-in.a
  CC      security/commoncap.o
  AR      fs/configfs/built-in.a
  CC      fs/devpts/inode.o
  CC      kernel/bpf/hashtab.o
  CC      security/lsm_syscalls.o
  AR      fs/devpts/built-in.a
  CC      fs/ext4/balloc.o
  CC      security/min_addr.o
  CC      mm/vmpressure.o
  CC      kernel/bpf/arraymap.o
  CC      fs/ext4/bitmap.o
  CC      security/security.o
  CC      mm/swap_cgroup.o
  CC      fs/ext4/block_validity.o
  CC      kernel/bpf/percpu_freelist.o
  CC      mm/hugetlb_cgroup.o
  CC      kernel/bpf/bpf_lru_list.o
  CC      fs/ext4/dir.o
  CC      kernel/bpf/lpm_trie.o
  CC      mm/zsmalloc.o
  CC      security/device_cgroup.o
  CC      fs/ext4/ext4_jbd2.o
  CC      kernel/bpf/map_in_map.o
  CC      fs/ext4/extents.o
  CC      mm/early_ioremap.o
  CC      kernel/bpf/bloom_filter.o
  AR      security/built-in.a
  CC      kernel/bpf/local_storage.o
  CC      mm/memfd.o
  CC      mm/ioremap.o
  CC      fs/ext4/extents_status.o
  CC      kernel/bpf/queue_stack_maps.o
  CC      mm/execmem.o
  CC      crypto/api.o
  CC      kernel/bpf/ringbuf.o
  CC      fs/ext4/file.o
  AR      mm/built-in.a
  CC      crypto/cipher.o
  CC      kernel/bpf/bpf_local_storage.o
  CC      fs/jbd2/transaction.o
  CC      fs/ext4/fsmap.o
  CC      crypto/algapi.o
  CC      kernel/bpf/bpf_task_storage.o
  CC      fs/ext4/fsync.o
  CC      fs/jbd2/commit.o
  CC      kernel/bpf/disasm.o
  CC      crypto/scatterwalk.o
  CC      fs/ext4/hash.o
  CC      fs/jbd2/recovery.o
  CC      kernel/bpf/mprog.o
  CC      crypto/proc.o
  CC      fs/ext4/ialloc.o
  CC      crypto/aead.o
  CC      fs/jbd2/checkpoint.o
  CC      kernel/bpf/btf.o
  CC      fs/ext4/indirect.o
  CC      fs/jbd2/revoke.o
  CC      crypto/lskcipher.o
  CC      fs/ext4/inline.o
  CC      fs/jbd2/journal.o
  CC      fs/ext4/inode.o
  CC      crypto/skcipher.o
  CC      kernel/bpf/memalloc.o
  AR      fs/jbd2/built-in.a
  CC      fs/squashfs/block.o
  CC      kernel/bpf/rqspinlock.o
  CC      fs/squashfs/cache.o
  CC      fs/ext4/ioctl.o
  CC      crypto/bpf_crypto_skcipher.o
  CC      crypto/ahash.o
  CC      fs/squashfs/dir.o
  CC      kernel/bpf/stream.o
  CC      fs/ext4/mballoc.o
  CC      fs/squashfs/export.o
  CC      crypto/shash.o
  CC      kernel/bpf/arena.o
  CC      fs/squashfs/file.o
  CC      fs/ext4/migrate.o
  CC      fs/squashfs/fragment.o
  CC      kernel/bpf/range_tree.o
  CC      crypto/akcipher.o
  CC      fs/ext4/mmp.o
  CC      fs/squashfs/id.o
  CC      kernel/bpf/devmap.o
  CC      fs/squashfs/inode.o
  CC      fs/ext4/move_extent.o
  CC      crypto/sig.o
  CC      fs/squashfs/namei.o
  CC      kernel/bpf/cpumap.o
  CC      fs/ext4/namei.o
  CC      fs/squashfs/super.o
  CC      crypto/kpp.o
  CC      fs/squashfs/symlink.o
  CC      kernel/bpf/offload.o
  CC      fs/ext4/page-io.o
  CC      fs/squashfs/decompressor.o
  CC      crypto/acompress.o
  CC      fs/ext4/readpage.o
  CC      fs/squashfs/page_actor.o
  CC      kernel/bpf/net_namespace.o
  CC      fs/ext4/resize.o
  CC      fs/squashfs/file_cache.o
  CC      crypto/scompress.o
  CC      kernel/bpf/tcx.o
  CC      fs/squashfs/decompressor_multi_percpu.o
  CC      fs/ext4/super.o
  CC      crypto/algboss.o
  CC      fs/squashfs/xattr.o
  CC      kernel/bpf/cgroup_iter.o
  CC      fs/squashfs/xattr_id.o
  CC      crypto/testmgr.o
  CC      kernel/bpf/bpf_cgrp_storage.o
  CC      fs/ext4/symlink.o
  CC      fs/squashfs/lz4_wrapper.o
  CC      crypto/md5.o
  CC      fs/ext4/sysfs.o
  CC      kernel/bpf/cgroup.o
  CC      fs/squashfs/lzo_wrapper.o
  CC      crypto/ecb.o
  CC      fs/ext4/xattr.o
  CC      fs/squashfs/xz_wrapper.o
  CC      crypto/cbc.o
  CC      fs/squashfs/zlib_wrapper.o
  CC      kernel/bpf/reuseport_array.o
  CC      fs/ext4/xattr_hurd.o
  CC      crypto/des_generic.o
  CC      fs/squashfs/zstd_wrapper.o
  CC      crypto/aes_generic.o
  CC      fs/ext4/xattr_trusted.o
  CC      kernel/bpf/crypto.o
  AR      fs/squashfs/built-in.a
  CC      fs/ramfs/inode.o
  CC      fs/ext4/xattr_user.o
  CC      crypto/lzo.o
  CC      fs/ramfs/file-mmu.o
  CC      kernel/bpf/relo_core.o
  CC      crypto/lzo-rle.o
  CC      fs/ext4/fast_commit.o
  AR      fs/ramfs/built-in.a
  CC      block/partitions/core.o
  CC      crypto/rng.o
  CC      fs/ext4/orphan.o
  CC      kernel/bpf/btf_iter.o
  CC      block/partitions/msdos.o
  AR      fs/ext4/built-in.a
  CC      kernel/bpf/btf_relocate.o
  CC      fs/hugetlbfs/inode.o
  AR      crypto/built-in.a
  CC      kernel/exec_domain.o
  CC      block/partitions/efi.o
  CC      kernel/bpf/kmem_cache_iter.o
  AR      fs/hugetlbfs/built-in.a
  CC      fs/fat/cache.o
  CC      io_uring/io_uring.o
  AR      block/partitions/built-in.a
  CC      block/bdev.o
  CC      kernel/bpf/dmabuf_iter.o
  CC      fs/fat/dir.o
  AR      kernel/bpf/built-in.a
  CC      kernel/panic.o
  CC      block/fops.o
  CC      io_uring/opdef.o
  CC      fs/fat/fatent.o
  CC      kernel/cpu.o
  CC      block/bio.o
  CC      io_uring/kbuf.o
  CC      fs/fat/file.o
  CC      io_uring/rsrc.o
  CC      kernel/exit.o
  CC      block/elevator.o
  CC      fs/fat/inode.o
  CC      io_uring/notif.o
  CC      block/blk-core.o
  CC      kernel/softirq.o
  CC      fs/fat/misc.o
  CC      io_uring/tctx.o
  CC      kernel/resource.o
  CC      block/blk-sysfs.o
  CC      io_uring/filetable.o
  CC      fs/fat/nfs.o
  CC      block/blk-flush.o
  CC      io_uring/rw.o
  CC      kernel/sysctl.o
  CC      fs/fat/namei_vfat.o
  CC      block/blk-settings.o
  CC      io_uring/poll.o
  AR      fs/fat/built-in.a
  CC      kernel/capability.o
  CC      fs/nfs/filelayout/filelayout.o
  CC      block/blk-ioc.o
  CC      io_uring/eventfd.o
  CC      kernel/ptrace.o
  CC      fs/nfs/filelayout/filelayoutdev.o
  CC      io_uring/uring_cmd.o
  CC      block/blk-map.o
  AR      fs/nfs/filelayout/built-in.a
  CC      fs/nfs/flexfilelayout/flexfilelayout.o
  CC      io_uring/openclose.o
  CC      kernel/user.o
  CC      block/blk-merge.o
  CC      io_uring/sqpoll.o
  CC      fs/nfs/flexfilelayout/flexfilelayoutdev.o
  CC      kernel/signal.o
  CC      block/blk-timeout.o
  CC      io_uring/xattr.o
  AR      fs/nfs/flexfilelayout/built-in.a
  CC      fs/nfs/client.o
  CC      io_uring/nop.o
  CC      kernel/sys.o
  CC      block/blk-lib.o
  CC      io_uring/fs.o
  CC      fs/nfs/dir.o
  CC      block/blk-mq.o
  CC      io_uring/splice.o
  CC      kernel/umh.o
  CC      io_uring/sync.o
  CC      kernel/workqueue.o
  CC      io_uring/msg_ring.o
  CC      fs/nfs/file.o
  CC      block/blk-mq-tag.o
  CC      io_uring/advise.o
  CC      kernel/pid.o
  CC      block/blk-mq-dma.o
  CC      io_uring/statx.o
  CC      fs/nfs/getroot.o
  CC      io_uring/timeout.o
  CC      block/blk-stat.o
  CC      kernel/task_work.o
  CC      fs/nfs/inode.o
  CC      io_uring/cancel.o
  CC      block/blk-mq-sysfs.o
  CC      kernel/extable.o
  CC      io_uring/waitid.o
  CC      block/blk-mq-cpumap.o
  CC      io_uring/register.o
  CC      kernel/params.o
  CC      fs/nfs/super.o
  CC      block/blk-mq-sched.o
  CC      io_uring/truncate.o
  CC      kernel/kthread.o
  CC      fs/nfs/io.o
  CC      io_uring/memmap.o
  CC      block/ioctl.o
  CC      kernel/sys_ni.o
  CC      kernel/nsproxy.o
  CC      io_uring/alloc_cache.o
  CC      io_uring/query.o
  CC      block/genhd.o
  CC      kernel/nstree.o
  CC      fs/nfs/direct.o
  CC      io_uring/zcrx.o
  CC      kernel/nscommon.o
  CC      block/ioprio.o
  CC      kernel/notifier.o
  CC      fs/nfs/pagelist.o
  CC      io_uring/io-wq.o
  CC      block/badblocks.o
  CC      kernel/ksysfs.o
  CC      io_uring/futex.o
  CC      block/blk-rq-qos.o
  CC      kernel/cred.o
  CC      fs/nfs/read.o
  CC      io_uring/epoll.o
  CC      block/disk-events.o
  CC      io_uring/napi.o
  CC      kernel/reboot.o
  CC      block/blk-ia-ranges.o
  CC      fs/nfs/symlink.o
  CC      io_uring/net.o
  CC      block/early-lookup.o
  CC      kernel/async.o
  CC      fs/nfs/unlink.o
  CC      io_uring/cmd_net.o
  CC      block/blk-cgroup.o
  CC      kernel/range.o
  CC      kernel/smpboot.o
  CC      fs/nfs/write.o
  CC      kernel/ucount.o
  CC      block/mq-deadline.o
  CC      io_uring/fdinfo.o
  CC      kernel/regset.o
  CC      kernel/ksyms_common.o
  CC      block/kyber-iosched.o
  AR      io_uring/built-in.a
  CC      fs/nfs/namespace.o
  CC      fs/exportfs/expfs.o
  CC      kernel/groups.o
  CC      block/blk-mq-debugfs.o
  AR      fs/exportfs/built-in.a
  AR      lib/kunit/built-in.a
  AR      lib/math/tests/built-in.a
  CC      lib/math/div64.o
  CC      lib/math/gcd.o
  CC      lib/math/lcm.o
  CC      lib/math/int_log.o
  CC      fs/nfs/mount_clnt.o
  CC      lib/math/int_pow.o
  CC      lib/math/int_sqrt.o
  CC      kernel/kcmp.o
  CC      lib/math/reciprocal_div.o
  AR      block/built-in.a
  CC      kernel/freezer.o
  AR      lib/math/built-in.a
  AR      lib/crc/tests/built-in.a
  CC      lib/crc/crc16.o
  CC      kernel/stacktrace.o
  CC      fs/nfs/nfstrace.o
  HOSTCC  lib/crc/gen_crc32table
  AS      lib/crc/powerpc/crc32c-vpmsum_asm.o
  GEN     lib/crc/crc32table.h
  CC      lib/crc/crc32-main.o
  CC      fs/lockd/clntlock.o
  CC      kernel/dma.o
  CC      fs/nfs/export.o
  AR      lib/crc/built-in.a
  CC      lib/crypto/memneq.o
  CC      kernel/smp.o
  CC      lib/crypto/utils.o
  CC      fs/lockd/clntproc.o
  CC      fs/nfs/sysfs.o
  CC      lib/crypto/aes.o
  CC      kernel/kallsyms.o
  CC      lib/crypto/blake2s.o
  CC      fs/lockd/clntxdr.o
  CC      fs/nfs/fs_context.o
  CC      lib/crypto/chacha-block-generic.o
  CC      lib/crypto/des.o
  CC      kernel/acct.o
  CC      fs/lockd/host.o
  CC      lib/crypto/md5.o
  CC      kernel/vmcore_info.o
  CC      fs/lockd/svc.o
  CC      fs/nfs/nfsroot.o
  AS      lib/crypto/powerpc/md5-asm.o
  CC      lib/crypto/sha1.o
  CC      kernel/elfcorehdr.o
  CC      fs/nfs/sysctl.o
  AS      lib/crypto/powerpc/sha1-powerpc-asm.o
  CC      lib/crypto/sha256.o
  CC      fs/lockd/svclock.o
  CC      kernel/kexec_core.o
  CC      fs/nfs/nfs3super.o
  AR      lib/crypto/built-in.a
  AR      lib/tests/built-in.a
  CC      lib/vdso/datastore.o
  CC      fs/lockd/svcshare.o
  CC      kernel/kexec.o
  AR      lib/vdso/built-in.a
  CC      lib/zlib_inflate/inffast.o
  CC      fs/nfs/nfs3client.o
  CC      lib/zlib_inflate/inflate.o
  CC      kernel/kexec_file.o
  CC      lib/zlib_inflate/infutil.o
  CC      fs/lockd/svcproc.o
  CC      lib/zlib_inflate/inftrees.o
  CC      lib/zlib_inflate/inflate_syms.o
  CC      kernel/kexec_elf.o
  CC      fs/nfs/nfs3proc.o
  CC      fs/lockd/svcsubs.o
  AR      lib/zlib_inflate/built-in.a
  CC      lib/zlib_deflate/deflate.o
  CC      kernel/compat.o
  CC      lib/zlib_deflate/deftree.o
  CC      fs/nfs/nfs3xdr.o
  CC      lib/zlib_deflate/deflate_syms.o
  CC      fs/lockd/mon.o
  CC      kernel/utsname.o
  AR      lib/zlib_deflate/built-in.a
  CC      lib/lzo/lzo1x_compress.o
  CC      fs/nfs/nfs3acl.o
  CC      kernel/user_namespace.o
  CC      lib/lzo/lzo1x_compress_safe.o
  CC      fs/lockd/trace.o
  CC      fs/nfs/nfs4proc.o
  CC      lib/lzo/lzo1x_decompress_safe.o
  CC      kernel/pid_namespace.o
  CC      fs/lockd/xdr.o
  AR      lib/lzo/built-in.a
  CC      lib/lz4/lz4_decompress.o
  CC      fs/lockd/netlink.o
  AR      lib/lz4/built-in.a
  UPD     kernel/config_data
  CC      kernel/stop_machine.o
  CC      lib/zstd/zstd_decompress_module.o
  CC      fs/lockd/clnt4xdr.o
  CC      lib/zstd/decompress/huf_decompress.o
  CC      fs/nfs/nfs4xdr.o
  CC      kernel/hung_task.o
  CC      lib/zstd/decompress/zstd_ddict.o
  CC      lib/zstd/decompress/zstd_decompress.o
  CC      fs/lockd/xdr4.o
  CC      lib/zstd/decompress/zstd_decompress_block.o
  CC      lib/zstd/zstd_common_module.o
  CC      kernel/seccomp.o
  CC      fs/lockd/svc4proc.o
  CC      lib/zstd/common/debug.o
  CC      lib/zstd/common/entropy_common.o
  CC      lib/zstd/common/error_private.o
  CC      lib/zstd/common/fse_decompress.o
  CC      lib/zstd/common/zstd_common.o
  AR      lib/zstd/built-in.a
  CC      fs/nfs/nfs4state.o
  CC      lib/xz/xz_dec_syms.o
  CC      kernel/relay.o
  CC      fs/lockd/procfs.o
  CC      lib/xz/xz_dec_stream.o
  AR      fs/lockd/built-in.a
  CC      fs/nls/nls_base.o
  CC      kernel/utsname_sysctl.o
  CC      lib/xz/xz_dec_lzma2.o
  CC      kernel/taskstats.o
  CC      fs/nls/nls_cp437.o
  CC      lib/xz/xz_dec_bcj.o
  CC      fs/nfs/nfs4renewd.o
  CC      fs/nls/nls_ascii.o
  AR      lib/xz/built-in.a
  CC      lib/dim/dim.o
  CC      kernel/tsacct.o
  CC      fs/nls/nls_iso8859-1.o
  CC      lib/dim/net_dim.o
  CC      fs/nfs/nfs4super.o
  CC      kernel/irq_work.o
  CC      fs/nls/nls_utf8.o
  AR      fs/nls/built-in.a
  CC      kernel/padata.o
  CC      fs/nfs/nfs4file.o
  CC      fs/nfs/delegation.o
  CC      lib/dim/rdma_dim.o
  CC      kernel/jump_label.o
  AR      lib/dim/built-in.a
  CC      lib/fonts/fonts.o
  CC      kernel/context_tracking.o
  CC      lib/fonts/font_8x8.o
  AR      fs/unicode/built-in.a
  CC      lib/argv_split.o
  CC      lib/fonts/font_8x16.o
  CC      fs/nfs/nfs4idmap.o
  AR      drivers/cache/built-in.a
  CC      drivers/irqchip/irqchip.o
  AR      lib/fonts/built-in.a
  CC      lib/bug.o
  CC      kernel/iomem.o
  AR      drivers/irqchip/built-in.a
  AR      drivers/bus/mhi/built-in.a
  CC      drivers/bus/simple-pm-bus.o
  CC      lib/buildid.o
  CC      kernel/rseq.o
  CC      fs/nfs/callback.o
  AR      drivers/bus/built-in.a
  AR      drivers/pwm/built-in.a
  CC      drivers/leds/trigger/ledtrig-timer.o
  CC      lib/cmdline.o
  CC      lib/cpumask.o
  CC      drivers/leds/trigger/ledtrig-disk.o
  GZIP    kernel/config_data.gz
  CC      kernel/configs.o
  CC      fs/nfs/callback_xdr.o
  CC      drivers/leds/trigger/ledtrig-heartbeat.o
  AR      kernel/built-in.a
  CC      lib/ctype.o
  AR      sound/built-in.a
  CC      lib/dec_and_lock.o
  CC      drivers/pci/msi/pcidev_msi.o
  CC      drivers/leds/trigger/ledtrig-cpu.o
  CC      lib/decompress.o
  CC      lib/decompress_bunzip2.o
  CC      drivers/pci/msi/api.o
  CC      fs/nfs/callback_proc.o
  CC      drivers/leds/trigger/ledtrig-activity.o
  CC      lib/decompress_inflate.o
  CC      drivers/pci/msi/msi.o
  CC      drivers/leds/trigger/ledtrig-default-on.o
  CC      lib/decompress_unlz4.o
  CC      fs/nfs/nfs4namespace.o
  CC      drivers/leds/trigger/ledtrig-panic.o
  CC      lib/decompress_unlzma.o
  CC      drivers/leds/trigger/ledtrig-netdev.o
  CC      drivers/pci/msi/irqdomain.o
  CC      lib/decompress_unlzo.o
  CC      fs/nfs/nfs4getroot.o
  CC      lib/decompress_unxz.o
  AR      drivers/leds/trigger/built-in.a
  AR      drivers/leds/blink/built-in.a
  AR      drivers/leds/simatic/built-in.a
  CC      drivers/leds/led-core.o
  CC      drivers/pci/msi/legacy.o
  CC      fs/nfs/nfs4client.o
  CC      lib/decompress_unzstd.o
  CC      drivers/leds/led-class.o
  AR      drivers/pci/msi/built-in.a
  CC      drivers/pci/pcie/portdrv.o
  CC      lib/dump_stack.o
  CC      drivers/leds/led-triggers.o
  CC      fs/nfs/nfs4session.o
  CC      drivers/pci/pcie/rcec.o
  CC      lib/earlycpio.o
  CC      lib/extable.o
  CC      drivers/leds/leds-xenon.o
/src/drivers/leds/leds-xenon.c:147:6: warning: variable 'ret' is used uninitialized whenever 'if' condition is false [-Wsometimes-uninitialized]
        if (IS_ERR(pdev)) {
            ^~~~~~~~~~~~
/src/drivers/leds/leds-xenon.c:156:9: note: uninitialized use occurs here
        return ret;
               ^~~
/src/drivers/leds/leds-xenon.c:147:2: note: remove the 'if' if its condition is always true
        if (IS_ERR(pdev)) {
        ^~~~~~~~~~~~~~~~~~
/src/drivers/leds/leds-xenon.c:143:9: note: initialize the variable 'ret' to silence this warning
        int ret;
               ^
                = 0
1 warning generated.
  CC      lib/fdt.o
  CC      drivers/pci/pcie/bwctrl.o
  CC      lib/fdt_addresses.o
  AR      drivers/leds/built-in.a
  CC      drivers/pci/pcie/aspm.o
  CC      lib/fdt_empty_tree.o
  CC      lib/fdt_ro.o
  CC      lib/fdt_rw.o
  CC      lib/fdt_strerror.o
  CC      drivers/pci/pcie/aer.o
  CC      lib/fdt_sw.o
  CC      lib/fdt_wip.o
  CC      fs/nfs/dns_resolve.o
  CC      lib/flex_proportions.o
  CC      lib/idr.o
  CC      fs/nfs/nfs4trace.o
  CC      drivers/pci/pcie/err.o
  CC      net/core/sock.o
  CC      lib/iomem_copy.o
  CC      fs/nfs/nfs4sysctl.o
  CC      drivers/pci/pcie/tlp.o
  CC      lib/irq_regs.o
  CC      lib/is_single_threaded.o
  AR      drivers/pci/pcie/built-in.a
  AR      drivers/pci/pwrctrl/built-in.a
  CC      drivers/pci/hotplug/pci_hotplug_core.o
  CC      fs/nfs/pnfs.o
  CC      lib/klist.o
  CC      net/core/request_sock.o
  CC      lib/kobject.o
  AR      drivers/pci/hotplug/built-in.a
  AR      drivers/pci/controller/dwc/built-in.a
  AR      drivers/pci/controller/mobiveil/built-in.a
  AR      drivers/pci/controller/plda/built-in.a
  AR      drivers/pci/controller/built-in.a
  AR      drivers/pci/switch/built-in.a
  CC      drivers/pci/access.o
  CC      lib/kobject_uevent.o
  CC      net/core/skbuff.o
  CC      fs/nfs/pnfs_dev.o
  CC      drivers/pci/bus.o
  CC      lib/logic_pio.o
  CC      drivers/pci/probe.o
  CC      lib/maple_tree.o
  CC      fs/nfs/pnfs_nfs.o
  CC      net/core/datagram.o
  CC      drivers/pci/host-bridge.o
  CC      lib/memcat_p.o
  CC      lib/nmi_backtrace.o
  CC      fs/nfs/nfs42proc.o
  CC      drivers/pci/remove.o
  CC      net/core/stream.o
  CC      lib/objpool.o
  CC      drivers/pci/pci.o
  CC      lib/plist.o
  CC      lib/radix-tree.o
  CC      fs/nfs/nfs42xattr.o
  CC      net/core/scm.o
  CC      lib/ratelimit.o
  CC      lib/rbtree.o
  CC      drivers/pci/pci-driver.o
  AR      fs/nfs/built-in.a
  CC      fs/overlayfs/super.o
  CC      lib/seq_buf.o
  CC      net/core/gen_stats.o
  CC      fs/overlayfs/namei.o
  CC      drivers/pci/search.o
  CC      lib/siphash.o
  CC      lib/string.o
  CC      fs/overlayfs/util.o
  CC      lib/sys_info.o
  CC      drivers/pci/rom.o
  CC      net/core/gen_estimator.o
  CC      fs/overlayfs/inode.o
  CC      lib/timerqueue.o
  CC      lib/union_find.o
  CC      lib/vsprintf.o
  CC      drivers/pci/setup-res.o
  CC      fs/overlayfs/file.o
  CC      net/core/net_namespace.o
  CC      fs/overlayfs/dir.o
  CC      drivers/pci/irq.o
  CC      lib/win_minmax.o
  CC      fs/overlayfs/readdir.o
  CC      drivers/pci/vpd.o
  CC      net/core/secure_seq.o
  CC      lib/xarray.o
  CC      fs/overlayfs/copy_up.o
  CC      drivers/pci/setup-bus.o
  CC      lib/lockref.o
  CC      net/core/flow_dissector.o
  CC      lib/bcd.o
  CC      fs/overlayfs/export.o
  CC      lib/sort.o
  CC      lib/parser.o
  CC      drivers/pci/vc.o
  CC      fs/overlayfs/params.o
  CC      lib/debug_locks.o
  CC      drivers/pci/mmap.o
  CC      lib/random32.o
  CC      fs/overlayfs/xattrs.o
  CC      net/core/sysctl_net_core.o
  CC      drivers/pci/devres.o
  CC      lib/bust_spinlocks.o
  AR      fs/overlayfs/built-in.a
  AR      fs/hostfs/built-in.a
  CC      fs/debugfs/inode.o
  CC      lib/kasprintf.o
  CC      drivers/pci/proc.o
  CC      lib/bitmap.o
  CC      net/core/dev.o
  CC      fs/debugfs/file.o
  CC      drivers/pci/pci-sysfs.o
  CC      lib/scatterlist.o
  CC      drivers/pci/slot.o
  AR      fs/debugfs/built-in.a
  CC      fs/open.o
  CC      lib/list_sort.o
  CC      lib/uuid.o
  CC      drivers/pci/iomap.o
  CC      lib/iov_iter.o
  CC      fs/read_write.o
  CC      net/core/dev_api.o
  CC      drivers/pci/of.o
  CC      lib/clz_ctz.o
  CC      lib/bsearch.o
  CC      drivers/pci/quirks.o
  CC      fs/file_table.o
  CC      lib/find_bit.o
  CC      net/core/dev_addr_lists.o
  CC      lib/llist.o
  CC      lib/lwq.o
  CC      lib/memweight.o
  CC      fs/super.o
  CC      drivers/pci/syscall.o
  CC      lib/kfifo.o
  CC      net/core/dst.o
  CC      drivers/pci/vgaarb.o
  CC      lib/percpu-refcount.o
  CC      fs/char_dev.o
  AR      drivers/pci/built-in.a
  CC      drivers/video/console/dummycon.o
  CC      net/core/netevent.o
  CC      lib/rhashtable.o
  CC      fs/stat.o
  AR      drivers/video/console/built-in.a
  AR      drivers/video/backlight/built-in.a
  CC      drivers/video/fbdev/core/fb_notify.o
  CC      lib/base64.o
  CC      lib/once.o
  CC      net/core/neighbour.o
  CC      fs/exec.o
  CC      lib/refcount.o
  CC      drivers/video/fbdev/core/fb_info.o
  CC      lib/rcuref.o
  CC      lib/usercopy.o
  CC      drivers/video/fbdev/core/fbmem.o
  CC      net/core/rtnetlink.o
  CC      fs/pipe.o
  CC      lib/errseq.o
  CC      lib/bucket_locks.o
  CC      drivers/video/fbdev/core/fbcmap.o
  CC      lib/generic-radix-tree.o
  CC      fs/namei.o
  CC      lib/bitmap-str.o
  CC      drivers/video/fbdev/core/modedb.o
  CC      net/core/utils.o
  CC      lib/string_helpers.o
  CC      fs/fcntl.o
  CC      drivers/video/fbdev/core/fbcvt.o
  CC      net/core/link_watch.o
  CC      lib/hexdump.o
  CC      lib/kstrtox.o
  CC      drivers/video/fbdev/core/fb_cmdline.o
  CC      fs/ioctl.o
  CC      lib/iomap_copy.o
  CC      net/core/filter.o
  CC      drivers/video/fbdev/core/fb_backlight.o
  CC      lib/devres.o
  CC      fs/readdir.o
  CC      drivers/video/fbdev/core/fbmon.o
  CC      lib/hweight.o
  CC      lib/assoc_array.o
  CC      fs/select.o
  CC      lib/bitrev.o
  CC      drivers/video/fbdev/core/fb_defio.o
  CC      lib/xxhash.o
  CC      net/core/sock_diag.o
  CC      lib/genalloc.o
  CC      drivers/video/fbdev/core/fb_chrdev.o
  CC      fs/dcache.o
  CC      drivers/video/fbdev/core/fb_procfs.o
  CC      lib/percpu_counter.o
  CC      net/core/dev_ioctl.o
  CC      fs/inode.o
  CC      drivers/video/fbdev/core/fbsysfs.o
  CC      lib/iommu-helper.o
  CC      lib/syscall.o
  CC      drivers/video/fbdev/core/fbcon.o
  CC      lib/errname.o
  CC      net/core/tso.o
  CC      lib/nlattr.o
  CC      fs/attr.o
  CC      drivers/video/fbdev/core/bitblit.o
  CC      net/core/sock_reuseport.o
  CC      lib/cpu_rmap.o
  CC      fs/bad_inode.o
  CC      drivers/video/fbdev/core/softcursor.o
  CC      fs/file.o
  CC      lib/dynamic_queue_limits.o
  CC      drivers/video/fbdev/core/sysfillrect.o
  CC      net/core/fib_notifier.o
  CC      lib/glob.o
  CC      fs/filesystems.o
  CC      drivers/video/fbdev/core/syscopyarea.o
  CC      net/core/xdp.o
  CC      lib/strncpy_from_user.o
  CC      fs/namespace.o
  CC      lib/strnlen_user.o
  CC      drivers/video/fbdev/core/sysimgblt.o
  CC      net/core/flow_offload.o
  CC      lib/net_utils.o
  CC      drivers/video/fbdev/core/fb_sys_fops.o
  CC      fs/seq_file.o
  CC      net/core/gro.o
  CC      lib/sg_pool.o
  AR      drivers/video/fbdev/core/built-in.a
  AR      drivers/video/fbdev/omap/built-in.a
  AR      drivers/video/fbdev/omap2/omapfb/dss/built-in.a
  AR      drivers/video/fbdev/omap2/omapfb/displays/built-in.a
  AR      drivers/video/fbdev/omap2/omapfb/built-in.a
  AR      drivers/video/fbdev/omap2/built-in.a
  AR      drivers/video/fbdev/built-in.a
  CC      drivers/video/cmdline.o
  CC      fs/xattr.o
  GEN     lib/oid_registry_data.c
  CC      lib/sbitmap.o
  CC      net/core/netdev-genl.o
  CC      drivers/video/nomodeset.o
  CC      lib/group_cpus.o
  CC      fs/libfs.o
  CC      drivers/video/hdmi.o
  AR      lib/lib.a
  CC      lib/oid_registry.o
  AR      drivers/video/built-in.a
  AR      drivers/idle/built-in.a
  AR      drivers/char/ipmi/built-in.a
  AR      drivers/amba/built-in.a
  AR      drivers/clk/actions/built-in.a
  AR      drivers/clk/analogbits/built-in.a
  AR      drivers/clk/bcm/built-in.a
  CC      net/core/netdev-genl-gen.o
  AR      drivers/clk/imgtec/built-in.a
  AR      drivers/clk/imx/built-in.a
  AR      drivers/clk/ingenic/built-in.a
  AR      drivers/clk/keystone/built-in.a
  AR      drivers/clk/mediatek/built-in.a
  AR      drivers/clk/microchip/built-in.a
  AR      drivers/clk/mstar/built-in.a
  AR      drivers/clk/mvebu/built-in.a
  AR      lib/built-in.a
  AR      drivers/clk/ralink/built-in.a
  AR      drivers/clk/renesas/built-in.a
  AR      drivers/clk/socfpga/built-in.a
  CC      net/core/gso.o
  AR      drivers/clk/sophgo/built-in.a
  CC      fs/fs-writeback.o
  AR      drivers/clk/spacemit/built-in.a
  AR      drivers/clk/sprd/built-in.a
  AR      drivers/clk/starfive/built-in.a
  AR      drivers/clk/sunxi-ng/built-in.a
  AR      drivers/clk/ti/built-in.a
  AR      drivers/clk/versatile/built-in.a
  AR      drivers/clk/xilinx/built-in.a
  AR      drivers/clk/built-in.a
  AR      drivers/soc/apple/built-in.a
  AR      drivers/soc/aspeed/built-in.a
  AR      drivers/soc/bcm/built-in.a
  AR      drivers/soc/fsl/built-in.a
  AR      drivers/soc/fujitsu/built-in.a
  AR      drivers/soc/hisilicon/built-in.a
  AR      drivers/soc/imx/built-in.a
  AR      drivers/soc/ixp4xx/built-in.a
  AR      drivers/soc/loongson/built-in.a
  AR      drivers/soc/mediatek/built-in.a
  AR      drivers/soc/microchip/built-in.a
  AR      drivers/soc/nuvoton/built-in.a
  AR      drivers/soc/pxa/built-in.a
  AR      drivers/soc/amlogic/built-in.a
  AR      drivers/soc/qcom/built-in.a
  AR      drivers/soc/renesas/built-in.a
  AR      drivers/soc/rockchip/built-in.a
  AR      drivers/soc/sophgo/built-in.a
  AR      drivers/soc/sunxi/built-in.a
  AR      drivers/soc/ti/built-in.a
  AR      drivers/soc/versatile/built-in.a
  AR      drivers/soc/vt8500/built-in.a
  AR      drivers/soc/xilinx/built-in.a
  AR      drivers/soc/built-in.a
  AR      drivers/virtio/built-in.a
  CC      drivers/tty/vt/vt_ioctl.o
  AR      drivers/tty/serial/8250/built-in.a
  CC      drivers/tty/serial/serial_core.o
  CC      fs/pnode.o
  CC      net/core/net-sysfs.o
  CC      drivers/tty/vt/vc_screen.o
  CC      fs/splice.o
  CC      drivers/tty/serial/serial_base_bus.o
  CC      drivers/tty/vt/selection.o
  CC      drivers/tty/serial/serial_ctrl.o
  CC      net/core/hotdata.o
  CC      fs/sync.o
  CC      drivers/tty/serial/serial_port.o
  CC      drivers/tty/vt/keyboard.o
  CC      fs/utimes.o
  CC      drivers/tty/serial/xenon_uart.o
  CC      net/core/netdev_rx_queue.o
  CC      drivers/tty/vt/vt.o
  AR      drivers/tty/serial/built-in.a
  COPY    drivers/tty/vt/defkeymap.c
  CC      net/ethernet/eth.o
  CC      fs/d_path.o
  CC      net/core/netdev_queues.o
  CC      drivers/tty/vt/consolemap.o
  CC      fs/stack.o
  CC      net/core/page_pool.o
  AR      net/ethernet/built-in.a
  AR      net/802/built-in.a
  CC      fs/fs_struct.o
  HOSTCC  drivers/tty/vt/conmakehash
  AR      virt/lib/built-in.a
  AR      virt/built-in.a
  CC      fs/statfs.o
  COPY    drivers/tty/vt/ucs_width_table.h
  COPY    drivers/tty/vt/ucs_recompose_table.h
  COPY    drivers/tty/vt/ucs_fallback_table.h
  CC      drivers/tty/vt/defkeymap.o
  CONMK   drivers/tty/vt/consolemap_deftbl.c
  CC      drivers/tty/vt/ucs.o
  AR      drivers/char/agp/built-in.a
  CC      drivers/char/mem.o
  CC      drivers/tty/vt/consolemap_deftbl.o
  AR      drivers/tty/vt/built-in.a
  AR      drivers/tty/ipwireless/built-in.a
  CC      drivers/tty/tty_io.o
  CC      net/core/page_pool_user.o
  CC      drivers/char/random.o
  CC      fs/fs_pin.o
  CC      net/core/net-procfs.o
  CC      drivers/tty/n_tty.o
  CC      fs/nsfs.o
  CC      drivers/char/ttyprintk.o
  CC      net/core/netpoll.o
  CC      drivers/tty/tty_ioctl.o
  CC      fs/fs_types.o
  CC      drivers/char/misc.o
  CC      drivers/tty/tty_ldisc.o
  CC      drivers/char/xenon_smc.o
  CC      fs/fs_context.o
  CC      drivers/char/xenon_ana.o
  CC      net/core/selftests.o
  CC      drivers/tty/tty_buffer.o
  CC      drivers/char/nvram.o
  CC      fs/fs_parser.o
  CC      drivers/tty/tty_port.o
  AR      drivers/char/built-in.a
  AR      drivers/iommu/arm/arm-smmu/built-in.a
  AR      drivers/iommu/arm/arm-smmu-v3/built-in.a
  AR      drivers/iommu/arm/built-in.a
  AR      drivers/iommu/iommufd/built-in.a
  AR      drivers/iommu/built-in.a
  AR      drivers/gpu/host1x/built-in.a
  AR      drivers/gpu/drm/tests/built-in.a
  AR      drivers/gpu/drm/arm/built-in.a
  CC      drivers/gpu/drm/clients/drm_client_setup.o
  CC      net/core/ptp_classifier.o
  CC      fs/fsopen.o
  CC      drivers/tty/tty_mutex.o
  CC      drivers/gpu/drm/clients/drm_fbdev_client.o
  CC      fs/init.o
  CC      net/core/dst_cache.o
  CC      drivers/tty/tty_ldsem.o
  AR      drivers/gpu/drm/clients/built-in.a
  AR      drivers/gpu/drm/display/built-in.a
  CC      drivers/gpu/drm/ttm/ttm_tt.o
  CC      fs/kernel_read_file.o
  CC      drivers/tty/tty_baudrate.o
  CC      drivers/gpu/drm/ttm/ttm_bo.o
  CC      drivers/tty/tty_jobctrl.o
  CC      net/core/gro_cells.o
  CC      fs/mnt_idmapping.o
  CC      drivers/tty/n_null.o
  CC      drivers/gpu/drm/ttm/ttm_bo_util.o
  CC      fs/remap_range.o
  CC      net/core/skmsg.o
  CC      drivers/tty/pty.o
  CC      drivers/gpu/drm/ttm/ttm_bo_vm.o
  CC      fs/pidfs.o
  CC      drivers/tty/sysrq.o
  CC      net/core/sock_map.o
  CC      drivers/gpu/drm/ttm/ttm_module.o
  CC      fs/file_attr.o
  AR      drivers/tty/built-in.a
  CC      net/core/bpf_sk_storage.o
  CC      drivers/gpu/drm/ttm/ttm_execbuf_util.o
  CC      fs/buffer.o
  CC      drivers/gpu/drm/ttm/ttm_range_manager.o
  CC      drivers/gpu/drm/ttm/ttm_resource.o
  CC      net/core/of_net.o
  CC      net/sched/sch_generic.o
  CC      fs/mpage.o
  CC      drivers/gpu/drm/ttm/ttm_pool.o
  CC      net/core/devmem.o
  CC      fs/proc_namespace.o
  CC      net/sched/sch_mq.o
  CC      drivers/gpu/drm/ttm/ttm_device.o
  AR      net/core/built-in.a
  CC      net/netlink/af_netlink.o
  CC      fs/direct-io.o
  CC      net/sched/sch_frag.o
  CC      drivers/gpu/drm/ttm/ttm_sys_manager.o
  CC      fs/eventpoll.o
  CC      drivers/gpu/drm/ttm/ttm_backup.o
  CC      net/netlink/genetlink.o
  AR      net/sched/built-in.a
  CC      net/netlink/policy.o
  AR      drivers/gpu/drm/ttm/built-in.a
  AR      drivers/gpu/drm/renesas/rcar-du/built-in.a
  AR      drivers/gpu/drm/renesas/rz-du/built-in.a
  AR      drivers/gpu/drm/renesas/built-in.a
  AR      drivers/gpu/drm/omapdrm/built-in.a
  AR      drivers/gpu/drm/tilcdc/built-in.a
  AR      drivers/gpu/drm/imx/built-in.a
  AR      drivers/gpu/drm/panel/built-in.a
  AR      drivers/gpu/drm/bridge/analogix/built-in.a
  CC      fs/anon_inodes.o
  AR      drivers/gpu/drm/bridge/cadence/built-in.a
  AR      drivers/gpu/drm/bridge/imx/built-in.a
  AR      drivers/gpu/drm/bridge/synopsys/built-in.a
  AR      drivers/gpu/drm/bridge/built-in.a
  AR      drivers/gpu/drm/hisilicon/built-in.a
  AR      drivers/gpu/drm/mxsfb/built-in.a
  AR      drivers/gpu/drm/sysfb/built-in.a
  CC      drivers/gpu/drm/tiny/xenos.o
  AR      drivers/gpu/drm/xlnx/built-in.a
  CC      net/bpf/test_run.o
  AR      net/netlink/built-in.a
  CC      net/ethtool/ioctl.o
  AR      drivers/gpu/drm/tiny/built-in.a
  AR      drivers/gpu/drm/gud/built-in.a
  AR      drivers/gpu/drm/sitronix/built-in.a
  AR      drivers/gpu/drm/solomon/built-in.a
  CC      drivers/gpu/drm/drm_atomic.o
  CC      fs/signalfd.o
  CC      fs/timerfd.o
  AR      net/bpf/built-in.a
  AR      drivers/base/power/built-in.a
  CC      drivers/base/firmware_loader/builtin/main.o
  CC      drivers/gpu/drm/drm_atomic_uapi.o
  CC      net/ethtool/common.o
  AR      drivers/base/firmware_loader/builtin/built-in.a
  CC      drivers/base/firmware_loader/main.o
  CC      fs/eventfd.o
  CC      drivers/gpu/drm/drm_auth.o
  CC      net/ethtool/netlink.o
  AR      drivers/base/firmware_loader/built-in.a
  AR      drivers/base/test/built-in.a
  CC      drivers/base/component.o
  CC      fs/aio.o
  CC      drivers/gpu/drm/drm_blend.o
  CC      drivers/base/core.o
  CC      net/ethtool/bitset.o
  CC      fs/locks.o
  CC      drivers/gpu/drm/drm_bridge.o
  CC      net/ethtool/strset.o
  CC      drivers/base/bus.o
  CC      drivers/gpu/drm/drm_cache.o
  CC      fs/binfmt_script.o
  CC      net/ethtool/linkinfo.o
  CC      drivers/base/dd.o
  CC      fs/binfmt_elf.o
  CC      drivers/gpu/drm/drm_color_mgmt.o
  CC      net/ethtool/linkmodes.o
  CC      drivers/base/syscore.o
  CC      fs/compat_binfmt_elf.o
  CC      drivers/gpu/drm/drm_connector.o
  CC      net/ethtool/rss.o
  CC      drivers/base/driver.o
  CC      fs/backing-file.o
  CC      net/ethtool/linkstate.o
  CC      drivers/gpu/drm/drm_crtc.o
  CC      drivers/base/class.o
  CC      fs/mbcache.o
  CC      net/ethtool/debug.o
  CC      drivers/base/platform.o
  CC      drivers/gpu/drm/drm_displayid.o
  CC      fs/posix_acl.o
  CC      drivers/gpu/drm/drm_drv.o
  CC      net/ethtool/wol.o
  CC      drivers/base/cpu.o
  CC      fs/coredump.o
  CC      net/ethtool/features.o
  CC      drivers/gpu/drm/drm_dumb_buffers.o
  CC      drivers/base/firmware.o
  CC      drivers/gpu/drm/drm_edid.o
  CC      net/ethtool/privflags.o
  CC      drivers/base/init.o
  CC      fs/drop_caches.o
  CC      drivers/base/map.o
  CC      net/ethtool/rings.o
  CC      fs/sysctls.o
  CC      drivers/base/devres.o
  CC      fs/fhandle.o
  CC      drivers/gpu/drm/drm_eld.o
  CC      net/ethtool/channels.o
  CC      drivers/gpu/drm/drm_encoder.o
  CC      drivers/base/attribute_container.o
  AR      fs/built-in.a
  CC      drivers/base/transport_class.o
  CC      drivers/gpu/drm/drm_file.o
  CC      net/ethtool/coalesce.o
  CC      net/ipv4/route.o
  CC      drivers/base/topology.o
  CC      net/ethtool/pause.o
  CC      drivers/gpu/drm/drm_fourcc.o
  CC      drivers/base/container.o
  CC      drivers/base/property.o
  CC      drivers/gpu/drm/drm_framebuffer.o
  CC      net/ethtool/eee.o
  CC      net/ipv4/inetpeer.o
  CC      drivers/gpu/drm/drm_gem.o
  CC      drivers/base/cacheinfo.o
  CC      net/ethtool/tsinfo.o
  CC      net/ipv4/protocol.o
  CC      drivers/base/swnode.o
  CC      net/ethtool/cabletest.o
  CC      drivers/gpu/drm/drm_ioctl.o
  CC      drivers/base/faux.o
  CC      net/ipv4/ip_input.o
  CC      drivers/base/devtmpfs.o
  CC      net/ethtool/tunnels.o
  CC      drivers/gpu/drm/drm_lease.o
  CC      drivers/base/module.o
  CC      net/ipv4/ip_fragment.o
  CC      drivers/gpu/drm/drm_managed.o
  CC      net/ethtool/fec.o
  CC      drivers/base/platform-msi.o
  CC      drivers/gpu/drm/drm_mm.o
  AR      drivers/base/built-in.a
  CC      drivers/gpu/drm/drm_mode_config.o
  CC      net/ethtool/eeprom.o
  CC      net/ipv4/ip_forward.o
  CC      net/ethtool/stats.o
  CC      net/ethtool/phc_vclocks.o
  CC      drivers/gpu/drm/drm_mode_object.o
  CC      net/ipv4/ip_options.o
  CC      drivers/block/loop.o
  CC      drivers/gpu/drm/drm_modes.o
  CC      net/ethtool/mm.o
  CC      net/ipv4/ip_output.o
  AR      drivers/block/built-in.a
  AR      drivers/misc/eeprom/built-in.a
  AR      drivers/misc/cb710/built-in.a
  AR      drivers/misc/lis3lv02d/built-in.a
  AR      drivers/misc/cardreader/built-in.a
  AR      drivers/misc/keba/built-in.a
  AR      drivers/misc/amd-sbi/built-in.a
  AR      drivers/misc/built-in.a
  AR      drivers/gpu/vga/built-in.a
  CC      net/ipv4/ip_sockglue.o
  CC      drivers/gpu/drm/drm_modeset_lock.o
  CC      net/ethtool/module.o
  CC      drivers/gpu/drm/drm_plane.o
  CC      net/ethtool/cmis_fw_update.o
  CC      drivers/gpu/drm/drm_prime.o
  CC      net/ipv4/inet_hashtables.o
  CC      net/ipv4/inet_timewait_sock.o
  CC      net/ethtool/cmis_cdb.o
  CC      drivers/gpu/drm/drm_print.o
  CC      net/ethtool/pse-pd.o
  AR      drivers/mfd/built-in.a
  CC      net/ethtool/plca.o
  CC      drivers/gpu/drm/drm_property.o
  CC      net/ipv4/inet_connection_sock.o
  CC      net/unix/af_unix.o
  CC      drivers/gpu/drm/drm_rect.o
  CC      net/ethtool/phy.o
  CC      net/ipv4/tcp.o
  CC      drivers/gpu/drm/drm_syncobj.o
  CC      net/ethtool/tsconfig.o
  CC      net/unix/garbage.o
  AR      net/ethtool/built-in.a
  CC      net/unix/sysctl_net_unix.o
  CC      drivers/gpu/drm/drm_sysfs.o
  CC      net/ipv4/tcp_input.o
  CC      net/unix/unix_bpf.o
  CC      net/ipv6/af_inet6.o
  CC      drivers/gpu/drm/drm_trace_points.o
  AR      net/unix/built-in.a
  CC      drivers/gpu/drm/drm_vblank.o
  AR      drivers/nfc/built-in.a
  CC      net/packet/af_packet.o
  CC      net/ipv6/anycast.o
  CC      drivers/gpu/drm/drm_vblank_work.o
  CC      net/ipv4/tcp_output.o
  CC      net/ipv6/ip6_output.o
  CC      drivers/gpu/drm/drm_vma_manager.o
  AR      net/packet/built-in.a
  CC      drivers/gpu/drm/drm_writeback.o
  CC      drivers/gpu/drm/drm_client.o
  CC      net/ipv4/tcp_timer.o
  CC      net/ipv4/tcp_ipv4.o
  CC      net/ipv6/ip6_input.o
  CC      drivers/gpu/drm/drm_client_event.o
  CC      drivers/gpu/drm/drm_client_modeset.o
  CC      net/ipv6/addrconf.o
  CC      net/ipv4/tcp_minisocks.o
  CC      drivers/gpu/drm/drm_ioc32.o
  CC      drivers/gpu/drm/drm_panel.o
  AR      drivers/dax/hmem/built-in.a
  AR      drivers/dax/built-in.a
  CC      drivers/dma-buf/dma-buf.o
  CC      drivers/gpu/drm/drm_of.o
  CC      net/ipv4/tcp_cong.o
  CC      net/ipv6/addrlabel.o
  CC      drivers/dma-buf/dma-fence.o
  CC      drivers/gpu/drm/drm_pci.o
  CC      net/ipv6/route.o
  CC      drivers/gpu/drm/drm_debugfs.o
  CC      drivers/dma-buf/dma-fence-array.o
  CC      net/ipv4/tcp_metrics.o
  CC      drivers/dma-buf/dma-fence-chain.o
  CC      drivers/gpu/drm/drm_debugfs_crc.o
  CC      net/ipv4/tcp_fastopen.o
  CC      drivers/dma-buf/dma-fence-unwrap.o
  CC      net/ipv6/ip6_fib.o
  CC      drivers/dma-buf/dma-resv.o
  CC      drivers/gpu/drm/drm_panic.o
  CC      net/ipv4/tcp_rate.o
  CC      drivers/dma-buf/sync_file.o
  CC      drivers/gpu/drm/drm_draw.o
  CC      net/ipv6/ipv6_sockglue.o
  AR      drivers/dma-buf/built-in.a
  CC      net/ipv6/ndisc.o
  CC      drivers/gpu/drm/drm_panel_orientation_quirks.o
  CC      net/ipv4/tcp_recovery.o
  CC      drivers/gpu/drm/drm_gem_dma_helper.o
  CC      net/ipv4/tcp_ulp.o
  CC      drivers/gpu/drm/drm_fbdev_dma.o
  CC      net/ipv4/tcp_offload.o
  CC      net/ipv6/udp.o
  CC      drivers/gpu/drm/drm_fb_dma_helper.o
  CC      net/ipv4/tcp_plb.o
  AR      drivers/cxl/core/built-in.a
  AR      drivers/cxl/built-in.a
  CC      net/ipv4/datagram.o
  CC      net/ipv6/udplite.o
  CC      drivers/gpu/drm/drm_gem_shmem_helper.o
  CC      net/ipv6/raw.o
  AR      net/dsa/built-in.a
  CC      net/ipv6/icmp.o
  CC      net/ipv4/raw.o
  CC      drivers/gpu/drm/drm_fbdev_shmem.o
  CC      drivers/gpu/drm/drm_gem_ttm_helper.o
  CC      net/ipv6/mcast.o
  CC      net/ipv6/reassembly.o
  CC      net/ipv4/udp.o
  CC      drivers/gpu/drm/drm_fbdev_ttm.o
  CC      net/ipv6/tcp_ipv6.o
  CC      drivers/gpu/drm/drm_atomic_helper.o
  CC      drivers/gpu/drm/drm_atomic_state_helper.o
  CC      net/ipv4/udplite.o
  CC      net/ipv6/ping.o
  CC      net/sunrpc/auth_gss/auth_gss.o
  CC      drivers/gpu/drm/drm_bridge_helper.o
  CC      net/ipv4/udp_offload.o
  CC      drivers/gpu/drm/drm_crtc_helper.o
  CC      net/sunrpc/auth_gss/gss_mech_switch.o
  CC      net/ipv6/exthdrs.o
  CC      drivers/gpu/drm/drm_damage_helper.o
  CC      net/ipv4/arp.o
  CC      net/sunrpc/auth_gss/svcauth_gss.o
  CC      drivers/gpu/drm/drm_flip_work.o
  CC      net/ipv6/datagram.o
  CC      drivers/gpu/drm/drm_format_helper.o
  CC      net/ipv4/icmp.o
  CC      net/sunrpc/auth_gss/gss_rpc_upcall.o
  CC      net/ipv6/ip6_flowlabel.o
  CC      drivers/gpu/drm/drm_gem_atomic_helper.o
  CC      net/sunrpc/auth_gss/gss_rpc_xdr.o
  CC      net/ipv4/devinet.o
  CC      drivers/gpu/drm/drm_gem_framebuffer_helper.o
  CC      net/ipv6/inet6_connection_sock.o
  CC      net/sunrpc/auth_gss/trace.o
  CC      drivers/gpu/drm/drm_kms_helper_common.o
  CC      net/sunrpc/auth_gss/gss_krb5_mech.o
  CC      net/ipv4/af_inet.o
  CC      drivers/gpu/drm/drm_modeset_helper.o
  CC      net/ipv6/udp_offload.o
  CC      net/sunrpc/auth_gss/gss_krb5_seal.o
  CC      drivers/gpu/drm/drm_plane_helper.o
  CC      net/ipv6/seg6.o
  CC      net/sunrpc/auth_gss/gss_krb5_unseal.o
  CC      net/ipv4/igmp.o
  CC      drivers/gpu/drm/drm_probe_helper.o
  CC      net/ipv6/fib6_notifier.o
  CC      net/sunrpc/auth_gss/gss_krb5_wrap.o
  CC      net/ipv6/rpl.o
  CC      drivers/gpu/drm/drm_self_refresh_helper.o
  CC      net/sunrpc/auth_gss/gss_krb5_crypto.o
  CC      net/ipv4/fib_frontend.o
  CC      net/ipv6/ioam6.o
  CC      drivers/gpu/drm/drm_simple_kms_helper.o
  CC      net/sunrpc/auth_gss/gss_krb5_keys.o
  CC      net/ipv4/fib_semantics.o
  CC      drivers/gpu/drm/bridge/panel.o
  CC      net/ipv6/sysctl_net_ipv6.o
  AR      net/sunrpc/auth_gss/built-in.a
  CC      net/sunrpc/clnt.o
  CC      net/ipv6/proc.o
  CC      drivers/gpu/drm/drm_fb_helper.o
  CC      net/ipv4/fib_trie.o
  CC      net/sunrpc/xprt.o
  CC      net/ipv6/sit.o
  AR      drivers/gpu/drm/built-in.a
  AR      drivers/gpu/built-in.a
  AR      drivers/macintosh/built-in.a
  CC      drivers/scsi/scsi.o
  CC      net/ipv6/addrconf_core.o
  CC      drivers/scsi/hosts.o
  CC      net/sunrpc/socklib.o
  CC      net/ipv4/fib_notifier.o
  CC      drivers/scsi/scsi_ioctl.o
  CC      net/ipv4/inet_fragment.o
  CC      net/sunrpc/xprtsock.o
  CC      net/ipv6/exthdrs_core.o
  CC      drivers/scsi/scsicam.o
  CC      net/ipv6/ip6_checksum.o
  CC      net/sunrpc/sched.o
  CC      net/ipv4/ping.o
  CC      drivers/scsi/scsi_error.o
  CC      net/ipv6/ip6_icmp.o
  CC      net/ipv4/ip_tunnel_core.o
  CC      net/sunrpc/auth.o
  CC      drivers/scsi/scsi_lib.o
  CC      net/ipv6/output_core.o
  CC      net/ipv4/gre_offload.o
  CC      net/sunrpc/auth_null.o
  CC      drivers/scsi/constants.o
  CC      net/ipv6/protocol.o
  CC      net/sunrpc/auth_tls.o
  CC      net/ipv4/metrics.o
  CC      drivers/scsi/scsi_lib_dma.o
  CC      net/ipv6/ip6_offload.o
  CC      drivers/scsi/scsi_scan.o
  CC      net/sunrpc/auth_unix.o
  CC      net/ipv4/netlink.o
  CC      net/ipv6/tcpv6_offload.o
  CC      net/sunrpc/svc.o
  GEN     drivers/scsi/scsi_devinfo_tbl.c
  CC      drivers/scsi/scsi_devinfo.o
  CC      net/ipv4/nexthop.o
  CC      net/ipv6/exthdrs_offload.o
  CC      drivers/scsi/scsi_sysctl.o
  CC      net/sunrpc/svcsock.o
  CC      drivers/scsi/scsi_proc.o
  CC      net/ipv6/inet6_hashtables.o
  CC      net/ipv4/udp_tunnel_stub.o
  CC      drivers/scsi/scsi_debugfs.o
  CC      net/sunrpc/svcauth.o
  CC      drivers/scsi/scsi_trace.o
  CC      net/ipv6/mcast_snoop.o
  CC      net/ipv4/ip_tunnel.o
  CC      drivers/scsi/scsi_logging.o
  CC      net/sunrpc/svcauth_unix.o
  AR      net/ipv6/built-in.a
  CC      net/dns_resolver/dns_key.o
  CC      drivers/scsi/scsi_common.o
  CC      net/dns_resolver/dns_query.o
  CC      net/ipv4/sysctl_net_ipv4.o
  CC      drivers/scsi/sd.o
  CC      net/sunrpc/addr.o
  AR      net/dns_resolver/built-in.a
  CC      net/sunrpc/rpcb_clnt.o
  CC      drivers/scsi/sr.o
  CC      net/ipv4/proc.o
  CC      drivers/scsi/sr_ioctl.o
  CC      net/sunrpc/timer.o
  CC      net/ipv4/tunnel4.o
  CC      net/sunrpc/xdr.o
  CC      drivers/scsi/sr_vendor.o
  CC      drivers/scsi/sg.o
  CC      net/handshake/alert.o
  CC      net/ipv4/ipconfig.o
  CC      net/sunrpc/sunrpc_syms.o
  CC      drivers/scsi/scsi_sysfs.o
  CC      net/ipv4/inet_diag.o
  CC      net/handshake/genl.o
  AR      drivers/scsi/built-in.a
  AR      drivers/nvme/common/built-in.a
  AR      drivers/nvme/host/built-in.a
  AR      drivers/nvme/target/built-in.a
  AR      drivers/nvme/built-in.a
  CC      drivers/ata/libata-core.o
  CC      net/sunrpc/cache.o
  CC      net/handshake/netlink.o
  CC      net/ipv4/tcp_diag.o
  CC      drivers/ata/libata-scsi.o
  CC      net/sunrpc/rpc_pipe.o
  CC      net/handshake/request.o
  CC      net/ipv4/tcp_cubic.o
  CC      drivers/ata/libata-eh.o
  CC      net/sunrpc/sysfs.o
  CC      net/ipv4/tcp_bpf.o
  CC      net/handshake/tlshd.o
  CC      net/sunrpc/svc_xprt.o
  CC      drivers/ata/libata-transport.o
  CC      net/handshake/trace.o
  CC      net/ipv4/udp_bpf.o
  CC      drivers/ata/libata-trace.o
  AR      net/handshake/built-in.a
  AR      drivers/net/phy/mediatek/built-in.a
  AR      drivers/net/phy/qcom/built-in.a
  CC      drivers/net/phy/stubs.o
  CC      net/sunrpc/xprtmultipath.o
  CC      drivers/ata/libata-sff.o
  AR      net/ipv4/built-in.a
  AR      drivers/firewire/built-in.a
  CC      net/devres.o
  CC      net/sunrpc/backchannel_rqst.o
  CC      drivers/net/phy/mdio_bus.o
  CC      drivers/ata/sata_xenon.o
  CC      drivers/net/phy/mdio_device.o
  AR      drivers/ata/built-in.a
  AR      drivers/net/pse-pd/built-in.a
  CC      net/socket.o
  CC      net/sunrpc/stats.o
  CC      net/sunrpc/sysctl.o
  CC      drivers/net/phy/phy.o
  CC      net/compat.o
  AR      net/sunrpc/built-in.a
  CC      drivers/cdrom/cdrom.o
  CC      drivers/net/mdio/fwnode_mdio.o
  CC      drivers/net/phy/phy-c45.o
  CC      net/sysctl_net.o
  AR      drivers/cdrom/built-in.a
  CC      drivers/net/mdio/of_mdio.o
  CC      drivers/net/phy/phy-core.o
  AR      drivers/net/pcs/built-in.a
  AR      drivers/auxdisplay/built-in.a
  CC      drivers/usb/common/common.o
  AR      net/built-in.a
  CC      drivers/usb/core/usb.o
  AR      drivers/net/mdio/built-in.a
  CC      drivers/net/phy/phy_device.o
  AR      drivers/net/ethernet/3com/built-in.a
  AR      drivers/net/ethernet/8390/built-in.a
  AR      drivers/net/ethernet/adaptec/built-in.a
  AR      drivers/net/ethernet/agere/built-in.a
  AR      drivers/net/ethernet/alacritech/built-in.a
  AR      drivers/net/ethernet/alteon/built-in.a
  AR      drivers/net/ethernet/amazon/built-in.a
  AR      drivers/net/ethernet/amd/built-in.a
  AR      drivers/net/ethernet/aquantia/built-in.a
  AR      drivers/net/ethernet/arc/built-in.a
  AR      drivers/net/ethernet/asix/built-in.a
  AR      drivers/net/ethernet/atheros/built-in.a
  AR      drivers/net/ethernet/cadence/built-in.a
  AR      drivers/net/ethernet/broadcom/built-in.a
  AR      drivers/usb/common/built-in.a
  AR      drivers/net/ethernet/brocade/built-in.a
  CC      drivers/usb/core/hub.o
  AR      drivers/net/ethernet/cavium/common/built-in.a
  AR      drivers/net/ethernet/cavium/thunder/built-in.a
  AR      drivers/net/ethernet/cavium/liquidio/built-in.a
  AR      drivers/net/ethernet/cavium/octeon/built-in.a
  AR      drivers/net/ethernet/cavium/built-in.a
  AR      drivers/net/ethernet/chelsio/built-in.a
  AR      drivers/net/ethernet/cisco/built-in.a
  AR      drivers/net/ethernet/cortina/built-in.a
  AR      drivers/net/ethernet/dec/built-in.a
  AR      drivers/net/ethernet/dlink/built-in.a
  AR      drivers/net/ethernet/emulex/built-in.a
  AR      drivers/net/ethernet/engleder/built-in.a
  AR      drivers/net/ethernet/ezchip/built-in.a
  AR      drivers/net/ethernet/fungible/built-in.a
  AR      drivers/net/ethernet/google/built-in.a
  AR      drivers/net/ethernet/hisilicon/built-in.a
  AR      drivers/net/ethernet/huawei/built-in.a
  AR      drivers/net/ethernet/intel/libie/built-in.a
  AR      drivers/net/ethernet/intel/built-in.a
  AR      drivers/net/ethernet/i825xx/built-in.a
  AR      drivers/net/ethernet/microsoft/built-in.a
  AR      drivers/net/ethernet/litex/built-in.a
  AR      drivers/net/ethernet/marvell/octeon_ep/built-in.a
  AR      drivers/net/ethernet/marvell/octeon_ep_vf/built-in.a
  CC      drivers/net/usb/ax88179_178a.o
  AR      drivers/net/ethernet/marvell/octeontx2/built-in.a
  AR      drivers/net/ethernet/marvell/prestera/built-in.a
  AR      drivers/net/ethernet/marvell/built-in.a
  AR      drivers/net/ethernet/mellanox/built-in.a
  AR      drivers/net/ethernet/meta/built-in.a
  AR      drivers/net/ethernet/micrel/built-in.a
  AR      drivers/net/ethernet/microchip/built-in.a
  AR      drivers/net/ethernet/mscc/built-in.a
  AR      drivers/net/ethernet/myricom/built-in.a
  AR      drivers/net/ethernet/natsemi/built-in.a
  AR      drivers/net/ethernet/neterion/built-in.a
  AR      drivers/net/ethernet/netronome/built-in.a
  AR      drivers/net/ethernet/ni/built-in.a
  AR      drivers/net/ethernet/nvidia/built-in.a
  AR      drivers/net/ethernet/oki-semi/built-in.a
  AR      drivers/net/ethernet/packetengines/built-in.a
  AR      drivers/net/ethernet/qlogic/built-in.a
  AR      drivers/net/ethernet/qualcomm/emac/built-in.a
  AR      drivers/net/ethernet/qualcomm/built-in.a
  AR      drivers/net/ethernet/realtek/built-in.a
  AR      drivers/net/ethernet/renesas/built-in.a
  AR      drivers/net/ethernet/rdc/built-in.a
  AR      drivers/net/ethernet/rocker/built-in.a
  AR      drivers/net/ethernet/samsung/built-in.a
  AR      drivers/net/ethernet/seeq/built-in.a
  AR      drivers/net/ethernet/silan/built-in.a
  CC      drivers/net/ethernet/sis/sis190.o
  CC      drivers/net/phy/linkmode.o
  CC      drivers/usb/core/hcd.o
  CC      drivers/net/usb/cdc_ether.o
  AR      drivers/net/ethernet/sis/built-in.a
  AR      drivers/net/ethernet/sfc/built-in.a
  AR      drivers/net/ethernet/smsc/built-in.a
  AR      drivers/net/ethernet/socionext/built-in.a
  AR      drivers/net/ethernet/stmicro/built-in.a
  AR      drivers/net/ethernet/sun/built-in.a
  AR      drivers/net/ethernet/tehuti/built-in.a
  AR      drivers/net/ethernet/ti/built-in.a
  AR      drivers/net/ethernet/vertexcom/built-in.a
  AR      drivers/net/ethernet/via/built-in.a
  AR      drivers/net/ethernet/wangxun/built-in.a
  AR      drivers/net/ethernet/wiznet/built-in.a
  AR      drivers/net/ethernet/xilinx/built-in.a
  AR      drivers/net/ethernet/synopsys/built-in.a
  AR      drivers/net/ethernet/pensando/built-in.a
  AR      drivers/net/ethernet/built-in.a
  CC      drivers/net/usb/plusb.o
  CC      drivers/net/phy/phy_link_topology.o
  CC      drivers/net/usb/usbnet.o
  CC      drivers/usb/core/urb.o
  CC      drivers/usb/core/message.o
  CC      drivers/net/phy/phy_caps.o
  CC      drivers/usb/phy/of.o
  CC      drivers/net/usb/cdc_ncm.o
  CC      drivers/usb/core/driver.o
  CC      drivers/net/phy/mdio_bus_provider.o
  AR      drivers/usb/phy/built-in.a
  CC      drivers/net/phy/swphy.o
  CC      drivers/usb/core/config.o
  CC      drivers/net/usb/r8153_ecm.o
  CC      drivers/usb/core/file.o
  CC      drivers/net/phy/mdio_devres.o
  CC      drivers/input/serio/serio.o
  AR      drivers/net/usb/built-in.a
  CC      drivers/net/mii.o
  CC      drivers/usb/core/buffer.o
  CC      drivers/input/serio/i8042.o
  CC      drivers/net/phy/fixed_phy.o
  CC      drivers/usb/core/sysfs.o
  CC      drivers/usb/core/endpoint.o
  CC      drivers/input/serio/serport.o
  CC      drivers/usb/core/devio.o
  AR      drivers/input/joystick/built-in.a
  AR      drivers/input/misc/built-in.a
  CC      drivers/input/input.o
  AR      drivers/net/phy/built-in.a
  CC      drivers/net/loopback.o
  AR      drivers/input/serio/built-in.a
  CC      drivers/rtc/lib.o
  CC      drivers/usb/core/notify.o
  CC      drivers/input/input-compat.o
  CC      drivers/rtc/class.o
  CC      drivers/net/netconsole.o
  CC      drivers/usb/core/generic.o
  CC      drivers/input/input-mt.o
  CC      drivers/rtc/interface.o
  AR      drivers/net/built-in.a
  AR      drivers/i2c/algos/built-in.a
  AR      drivers/i2c/busses/built-in.a
  AR      drivers/i2c/muxes/built-in.a
  CC      drivers/i2c/i2c-boardinfo.o
  CC      drivers/input/input-poller.o
  CC      drivers/usb/core/quirks.o
  CC      drivers/rtc/nvmem.o
  CC      drivers/usb/core/devices.o
  CC      drivers/i2c/i2c-core-base.o
  CC      drivers/input/ff-core.o
  CC      drivers/rtc/dev.o
  CC      drivers/usb/core/phy.o
  CC      drivers/input/touchscreen.o
  CC      drivers/rtc/proc.o
  CC      drivers/i2c/i2c-core-smbus.o
  CC      drivers/usb/core/port.o
  CC      drivers/input/touch-overlay.o
  CC      drivers/rtc/sysfs.o
  CC      drivers/i2c/i2c-core-of.o
  CC      drivers/usb/core/of.o
  CC      drivers/input/ff-memless.o
  CC      drivers/rtc/rtc-xenon.o
  AR      drivers/rtc/built-in.a
  CC      drivers/input/input-leds.o
  AR      drivers/i2c/built-in.a
  AR      drivers/i3c/built-in.a
  CC      drivers/usb/mon/mon_main.o
  CC      drivers/input/mousedev.o
  CC      drivers/usb/core/hcd-pci.o
  CC      drivers/usb/host/pci-quirks.o
  AR      drivers/input/built-in.a
  AR      drivers/media/i2c/built-in.a
  AR      drivers/media/tuners/built-in.a
  AR      drivers/media/rc/keymaps/built-in.a
  CC      drivers/usb/mon/mon_stat.o
  AR      drivers/media/rc/built-in.a
  AR      drivers/media/common/b2c2/built-in.a
  AR      drivers/media/common/saa7146/built-in.a
  AR      drivers/media/common/siano/built-in.a
  AR      drivers/media/common/v4l2-tpg/built-in.a
  AR      drivers/media/common/videobuf2/built-in.a
  AR      drivers/media/common/built-in.a
  AR      drivers/media/platform/allegro-dvt/built-in.a
  AR      drivers/media/platform/amlogic/c3/isp/built-in.a
  AR      drivers/media/platform/amlogic/c3/mipi-adapter/built-in.a
  AR      drivers/media/platform/amlogic/c3/mipi-csi2/built-in.a
  AR      drivers/media/platform/amlogic/c3/built-in.a
  AR      drivers/media/platform/amlogic/meson-ge2d/built-in.a
  AR      drivers/media/platform/amlogic/built-in.a
  AR      drivers/media/platform/amphion/built-in.a
  AR      drivers/media/platform/aspeed/built-in.a
  AR      drivers/media/platform/atmel/built-in.a
  AR      drivers/media/platform/broadcom/built-in.a
  AR      drivers/media/platform/cadence/built-in.a
  AR      drivers/media/platform/chips-media/coda/built-in.a
  AR      drivers/media/platform/chips-media/wave5/built-in.a
  AR      drivers/media/platform/chips-media/built-in.a
  AR      drivers/media/platform/imagination/built-in.a
  AR      drivers/media/platform/intel/built-in.a
  AR      drivers/usb/core/built-in.a
  AR      drivers/media/platform/marvell/built-in.a
  AR      drivers/media/platform/microchip/built-in.a
  AR      drivers/media/platform/mediatek/jpeg/built-in.a
  AR      drivers/media/platform/mediatek/mdp/built-in.a
  AR      drivers/media/pci/ttpci/built-in.a
  AR      drivers/media/pci/b2c2/built-in.a
  AR      drivers/media/platform/mediatek/vcodec/common/built-in.a
  AR      drivers/media/pci/pluto2/built-in.a
  AR      drivers/media/platform/mediatek/vcodec/encoder/built-in.a
  AR      drivers/media/pci/dm1105/built-in.a
  AR      drivers/media/platform/mediatek/vcodec/decoder/built-in.a
  AR      drivers/media/pci/pt1/built-in.a
  AR      drivers/media/platform/mediatek/vcodec/built-in.a
  AR      drivers/media/pci/pt3/built-in.a
  AR      drivers/media/platform/mediatek/vpu/built-in.a
  AR      drivers/media/pci/mantis/built-in.a
  AR      drivers/media/platform/mediatek/mdp3/built-in.a
  AR      drivers/media/platform/mediatek/built-in.a
  AR      drivers/media/pci/ngene/built-in.a
  CC      drivers/usb/mon/mon_text.o
  AR      drivers/media/pci/ddbridge/built-in.a
  AR      drivers/media/platform/nuvoton/built-in.a
  AR      drivers/media/pci/saa7146/built-in.a
  AR      drivers/media/platform/nvidia/tegra-vde/built-in.a
  AR      drivers/media/pci/smipcie/built-in.a
  AR      drivers/media/platform/nvidia/built-in.a
  AR      drivers/media/pci/netup_unidvb/built-in.a
  AR      drivers/media/platform/nxp/dw100/built-in.a
  AR      drivers/media/pci/intel/ipu3/built-in.a
  AR      drivers/media/platform/nxp/imx-jpeg/built-in.a
  AR      drivers/media/pci/intel/ivsc/built-in.a
  AR      drivers/media/platform/nxp/imx8-isi/built-in.a
  AR      drivers/media/pci/intel/built-in.a
  AR      drivers/media/platform/nxp/built-in.a
  AR      drivers/media/pci/built-in.a
  AR      drivers/media/platform/qcom/camss/built-in.a
  AR      drivers/media/platform/raspberrypi/pisp_be/built-in.a
  AR      drivers/media/platform/qcom/iris/built-in.a
  AR      drivers/media/platform/raspberrypi/rp1-cfe/built-in.a
  AR      drivers/media/platform/qcom/venus/built-in.a
  AR      drivers/media/platform/raspberrypi/built-in.a
  AR      drivers/media/platform/qcom/built-in.a
  AR      drivers/media/platform/renesas/rcar-isp/built-in.a
  CC      drivers/usb/storage/uas.o
  AR      drivers/media/platform/renesas/rcar-vin/built-in.a
  AR      drivers/media/platform/renesas/rzg2l-cru/built-in.a
  AR      drivers/media/platform/renesas/vsp1/built-in.a
  AR      drivers/media/platform/renesas/built-in.a
  AR      drivers/media/platform/rockchip/rga/built-in.a
  CC      drivers/usb/host/ehci-hcd.o
  AR      drivers/media/platform/rockchip/rkisp1/built-in.a
  AR      drivers/media/platform/rockchip/rkvdec/built-in.a
  AR      drivers/media/platform/rockchip/built-in.a
  AR      drivers/media/platform/samsung/exynos-gsc/built-in.a
  AR      drivers/media/platform/samsung/exynos4-is/built-in.a
  AR      drivers/media/platform/samsung/s3c-camif/built-in.a
  AR      drivers/media/platform/samsung/s5p-g2d/built-in.a
  AR      drivers/media/platform/samsung/s5p-jpeg/built-in.a
  AR      drivers/media/platform/samsung/s5p-mfc/built-in.a
  AR      drivers/media/platform/samsung/built-in.a
  AR      drivers/media/platform/st/sti/bdisp/built-in.a
  AR      drivers/media/platform/st/sti/c8sectpfe/built-in.a
  AR      drivers/media/platform/st/sti/delta/built-in.a
  AR      drivers/media/platform/st/sti/hva/built-in.a
  AR      drivers/media/platform/st/stm32/built-in.a
  AR      drivers/media/platform/st/built-in.a
  AR      drivers/media/platform/sunxi/sun4i-csi/built-in.a
  AR      drivers/media/platform/sunxi/sun6i-csi/built-in.a
  AR      drivers/media/platform/sunxi/sun6i-mipi-csi2/built-in.a
  AR      drivers/media/platform/sunxi/sun8i-a83t-mipi-csi2/built-in.a
  AR      drivers/media/platform/sunxi/sun8i-di/built-in.a
  CC      drivers/usb/mon/mon_bin.o
  AR      drivers/media/platform/sunxi/sun8i-rotate/built-in.a
  AR      drivers/media/platform/sunxi/built-in.a
  AR      drivers/media/platform/synopsys/hdmirx/built-in.a
  AR      drivers/media/platform/synopsys/built-in.a
  AR      drivers/media/platform/ti/am437x/built-in.a
  AR      drivers/media/platform/ti/cal/built-in.a
  AR      drivers/media/platform/ti/vpe/built-in.a
  AR      drivers/media/platform/ti/davinci/built-in.a
  AR      drivers/media/platform/ti/j721e-csi2rx/built-in.a
  AR      drivers/media/platform/ti/omap/built-in.a
  AR      drivers/media/platform/ti/omap3isp/built-in.a
  AR      drivers/media/platform/ti/built-in.a
  AR      drivers/media/platform/verisilicon/built-in.a
  AR      drivers/media/platform/via/built-in.a
  AR      drivers/media/platform/xilinx/built-in.a
  AR      drivers/media/platform/built-in.a
  AR      drivers/media/usb/b2c2/built-in.a
  CC      drivers/usb/storage/scsiglue.o
  AR      drivers/media/usb/dvb-usb/built-in.a
  AR      drivers/media/usb/dvb-usb-v2/built-in.a
  AR      drivers/media/usb/s2255/built-in.a
  AR      drivers/media/usb/siano/built-in.a
  AR      drivers/media/usb/ttusb-budget/built-in.a
  AR      drivers/media/usb/ttusb-dec/built-in.a
  AR      drivers/media/usb/built-in.a
  AR      drivers/media/mmc/siano/built-in.a
  AR      drivers/media/mmc/built-in.a
  AR      drivers/media/firewire/built-in.a
  AR      drivers/media/spi/built-in.a
  AR      drivers/media/test-drivers/built-in.a
  AR      drivers/media/built-in.a
  CC      drivers/usb/storage/protocol.o
  AR      drivers/usb/mon/built-in.a
  CC      drivers/usb/host/ehci-pci.o
  CC      drivers/usb/storage/transport.o
  AR      drivers/pps/clients/built-in.a
  CC      drivers/pps/pps.o
  CC      drivers/usb/host/ohci-hcd.o
  CC      drivers/pps/kapi.o
  CC      drivers/usb/storage/usb.o
  CC      drivers/usb/storage/initializers.o
  CC      drivers/pps/sysfs.o
  CC      drivers/usb/host/ohci-pci.o
  AR      drivers/pps/built-in.a
  CC      drivers/usb/storage/sierra_ms.o
  CC      drivers/usb/storage/option_ms.o
  CC      drivers/usb/storage/usual-tables.o
  AR      drivers/usb/host/built-in.a
  AR      drivers/usb/misc/built-in.a
  CC      drivers/ptp/ptp_clock.o
  CC      drivers/power/supply/power_supply_core.o
  CC      drivers/hwmon/hwmon.o
  AR      drivers/usb/storage/built-in.a
  AR      drivers/usb/built-in.a
  CC      drivers/cpufreq/cpufreq.o
  CC      drivers/power/supply/power_supply_sysfs.o
  CC      drivers/ptp/ptp_chardev.o
  CC      drivers/hwmon/xenon-hwmon.o
  AR      drivers/hwmon/built-in.a
  AR      drivers/mmc/built-in.a
  AR      drivers/ufs/built-in.a
  CC      drivers/ptp/ptp_sysfs.o
  CC      drivers/cpufreq/freq_table.o
  CC      drivers/power/supply/power_supply_leds.o
  CC      drivers/ptp/ptp_vclock.o
  CC      drivers/power/supply/power_supply_hwmon.o
  CC      drivers/cpufreq/cpufreq_performance.o
  CC      drivers/cpufreq/cpufreq_powersave.o
  AR      drivers/power/supply/built-in.a
  AR      drivers/power/built-in.a
  AR      drivers/firmware/arm_ffa/built-in.a
  AR      drivers/firmware/arm_scmi/built-in.a
  AR      drivers/firmware/broadcom/built-in.a
  AR      drivers/firmware/cirrus/test/built-in.a
  AR      drivers/firmware/cirrus/built-in.a
  AR      drivers/firmware/meson/built-in.a
  AR      drivers/firmware/microchip/built-in.a
  AR      drivers/firmware/efi/built-in.a
  AR      drivers/firmware/imx/built-in.a
  AR      drivers/firmware/psci/built-in.a
  AR      drivers/firmware/qcom/built-in.a
  AR      drivers/firmware/samsung/built-in.a
  AR      drivers/firmware/smccc/built-in.a
  AR      drivers/firmware/tegra/built-in.a
  AR      drivers/firmware/xilinx/built-in.a
  CC      drivers/cpufreq/cpufreq_userspace.o
  AR      drivers/ptp/built-in.a
  AR      drivers/firmware/built-in.a
  CC      drivers/cpufreq/cpufreq_ondemand.o
  CC      drivers/cpufreq/cpufreq_conservative.o
  AR      drivers/crypto/stm32/built-in.a
  AR      drivers/crypto/inside-secure/eip93/built-in.a
  AR      drivers/crypto/inside-secure/built-in.a
  AR      drivers/crypto/xilinx/built-in.a
  AR      drivers/crypto/hisilicon/built-in.a
  AR      drivers/crypto/loongson/built-in.a
  AR      drivers/crypto/intel/keembay/built-in.a
  AR      drivers/crypto/intel/ixp4xx/built-in.a
  AR      drivers/crypto/intel/built-in.a
  AR      drivers/crypto/starfive/built-in.a
  AR      drivers/crypto/cavium/built-in.a
  AR      drivers/crypto/ti/built-in.a
  AR      drivers/crypto/built-in.a
  CC      drivers/clocksource/dummy_timer.o
  CC      drivers/cpufreq/cpufreq_governor.o
  CC      drivers/cpufreq/cpufreq_governor_attr_set.o
  AR      drivers/clocksource/built-in.a
  CC      drivers/hid/usbhid/hid-core.o
  CC      drivers/hid/usbhid/hiddev.o
  CC      drivers/hid/hid-core.o
  AR      drivers/cpufreq/built-in.a
  CC      drivers/xenon/smc-core.o
  CC      drivers/xenon/xenon_nand.o
  AR      drivers/hid/usbhid/built-in.a
  CC      drivers/hid/hid-input.o
  CC      drivers/hid/hid-quirks.o
  CC      drivers/hid/hid-debug.o
  AR      drivers/xenon/built-in.a
  CC      drivers/of/base.o
  CC      drivers/hid/hidraw.o
  AR      drivers/platform/built-in.a
  AR      drivers/ras/amd/atl/built-in.a
  CC      drivers/ras/ras.o
  CC      drivers/of/cpu.o
  AR      drivers/hwtracing/intel_th/built-in.a
  CC      drivers/hid/hid-generic.o
  CC      drivers/of/device.o
  CC      drivers/of/module.o
  CC      drivers/hid/hid-microsoft.o
  CC      drivers/ras/debugfs.o
  CC      drivers/of/platform.o
  CC      drivers/of/property.o
  CC      drivers/hid/hid-sony.o
  AR      drivers/ras/built-in.a
  AR      drivers/android/built-in.a
  AR      drivers/nvmem/layouts/built-in.a
  CC      drivers/nvmem/core.o
  CC      drivers/of/kobj.o
  CC      drivers/of/fdt.o
  AR      drivers/hid/built-in.a
  CC      drivers/nvmem/layouts.o
  DTC     drivers/of/empty_root.dtb
  CC      drivers/of/fdt_address.o
  CC      drivers/of/address.o
  CC      drivers/of/irq.o
  AR      drivers/nvmem/built-in.a
  CC      drivers/of/of_reserved_mem.o
  CC      drivers/of/kexec.o
  WRAP    drivers/of/empty_root.dtb.S
  AS      drivers/of/empty_root.dtb.o
  AR      drivers/of/built-in.a
  AR      drivers/built-in.a
  AR      built-in.a
  AR      vmlinux.a
  LD      vmlinux.o
  GEN     .vmlinux.objs
  MODPOST vmlinux.symvers
  CC      .vmlinux.export.o
  UPD     include/generated/utsversion.h
  CC      init/version-timestamp.o
  KSYMS   .tmp_vmlinux0.kallsyms.S
  AS      .tmp_vmlinux0.kallsyms.o
  LD      .tmp_vmlinux1
  NM      .tmp_vmlinux1.syms
  KSYMS   .tmp_vmlinux1.kallsyms.S
  AS      .tmp_vmlinux1.kallsyms.o
  LD      .tmp_vmlinux2
  NM      .tmp_vmlinux2.syms
  KSYMS   .tmp_vmlinux2.kallsyms.S
  AS      .tmp_vmlinux2.kallsyms.o
  LD      vmlinux.unstripped
  NM      System.map
  SORTTAB vmlinux.unstripped
make[4]: Nothing to be done for 'vmlinux.unstripped'.
  OBJCOPY vmlinux
  GEN     modules.builtin.modinfo
  GEN     modules.builtin
make[1]: Leaving directory '/build'
make: Leaving directory '/src'
