make: Entering directory '/src'
make[1]: Entering directory '/build'
  GEN     Makefile
  UPD     include/generated/compile.h
  CALL    /src/scripts/checksyscalls.sh
  LDS     scripts/module.lds
  CC      init/version.o
  AR      init/built-in.a
  CC [M]  crypto/geniv.o
  CC [M]  crypto/echainiv.o
  CC [M]  crypto/cmac.o
  CC [M]  crypto/hmac.o
  CC [M]  crypto/sha256.o
  CC [M]  lib/crc/crc-itu-t.o
  CC [M]  crypto/sha512.o
  CC [M]  lib/crypto/arc4.o
  CC [M]  crypto/sha3_generic.o
  CC [M]  lib/crypto/gf128mul.o
  CC [M]  crypto/blake2b_generic.o
  CC [M]  lib/crypto/sha512.o
  CC [M]  fs/nls/nls_ucs2_utils.o
  LD [M]  lib/crypto/libarc4.o
  LD [M]  lib/crypto/libsha512.o
  CC [M]  crypto/ctr.o
  CC [M]  lib/lz4/lz4_compress.o
  CC [M]  crypto/gcm.o
  CC [M]  fs/netfs/buffered_read.o
  CC [M]  lib/lz4/lz4hc_compress.o
  CC [M]  crypto/ccm.o
  CC [M]  fs/netfs/buffered_write.o
  CC [M]  crypto/crc32c.o
  CC [M]  lib/zstd/zstd_compress_module.o
  CC [M]  crypto/xxhash_generic.o
  CC [M]  drivers/block/zram/zcomp.o
  CC [M]  lib/zstd/compress/fse_compress.o
  CC [M]  fs/netfs/direct_read.o
  CC [M]  lib/zstd/compress/hist.o
  CC [M]  lib/zstd/compress/huf_compress.o
  CC [M]  drivers/block/zram/zram_drv.o
  CC [M]  crypto/ansi_cprng.o
  CC [M]  lib/zstd/compress/zstd_compress.o
  CC [M]  crypto/drbg.o
  CC [M]  fs/netfs/direct_write.o
  CC [M]  drivers/block/zram/backend_lzorle.o
  CC [M]  lib/zstd/compress/zstd_compress_literals.o
  CC [M]  lib/zstd/compress/zstd_compress_sequences.o
  CC [M]  drivers/block/zram/backend_lzo.o
  CC [M]  lib/zstd/compress/zstd_compress_superblock.o
  CC [M]  crypto/jitterentropy.o
  CC [M]  crypto/jitterentropy-kcapi.o
  CC [M]  lib/zstd/compress/zstd_double_fast.o
  CC [M]  fs/netfs/iterator.o
  CC [M]  drivers/block/zram/backend_lz4.o
  CC [M]  crypto/ghash-generic.o
  CC [M]  lib/zstd/compress/zstd_fast.o
  CC [M]  drivers/block/zram/backend_lz4hc.o
  CC [M]  drivers/block/zram/backend_zstd.o
  CC [M]  crypto/xor.o
  CC [M]  lib/zstd/compress/zstd_lazy.o
  CC [M]  fs/netfs/locking.o
  CC [M]  drivers/block/zram/backend_deflate.o
  CC [M]  drivers/block/zram/backend_842.o
  LD [M]  crypto/crc32c-cryptoapi.o
  LD [M]  crypto/jitterentropy_rng.o
  CC [M]  drivers/block/nbd.o
  CC [M]  fs/netfs/main.o
  LD [M]  drivers/block/zram/zram.o
  CC [M]  lib/zstd/compress/zstd_ldm.o
  CC [M]  fs/exfat/inode.o
  CC [M]  fs/netfs/misc.o
  CC [M]  lib/zstd/compress/zstd_opt.o
  CC [M]  fs/exfat/namei.o
  CC [M]  fs/netfs/objects.o
  CC [M]  fs/exfat/dir.o
  CC [M]  lib/zstd/compress/zstd_preSplit.o
  LD [M]  lib/zstd/zstd_compress.o
  CC [M]  lib/842/842_compress.o
  CC [M]  fs/netfs/read_collect.o
  CC [M]  fs/exfat/super.o
  CC [M]  lib/842/842_decompress.o
  CC [M]  fs/netfs/read_pgpriv2.o
  CC [M]  fs/exfat/fatent.o
  CC [M]  lib/raid6/algos.o
  CC [M]  fs/netfs/read_retry.o
  CC [M]  fs/exfat/cache.o
  CC [M]  drivers/usb/class/cdc-acm.o
  CC [M]  lib/raid6/recov.o
  CC [M]  fs/netfs/read_single.o
  CC [M]  fs/exfat/nls.o
  CC [M]  drivers/usb/serial/usb-serial.o
  HOSTCC  lib/raid6/mktables
  UNROLL  lib/raid6/int1.c
  UNROLL  lib/raid6/int2.c
  UNROLL  lib/raid6/int4.c
  UNROLL  lib/raid6/int8.c
  UNROLL  lib/raid6/altivec1.c
  UNROLL  lib/raid6/altivec2.c
  UNROLL  lib/raid6/altivec4.c
  UNROLL  lib/raid6/altivec8.c
  UNROLL  lib/raid6/vpermxor1.c
  UNROLL  lib/raid6/vpermxor2.c
  UNROLL  lib/raid6/vpermxor4.c
  UNROLL  lib/raid6/vpermxor8.c
  TABLE   lib/raid6/tables.c
  CC [M]  fs/exfat/misc.o
  CC [M]  lib/raid6/int1.o
  CC [M]  fs/netfs/rolling_buffer.o
  CC [M]  fs/exfat/file.o
  CC [M]  lib/raid6/int2.o
  CC [M]  drivers/usb/serial/generic.o
  CC [M]  fs/netfs/write_collect.o
  CC [M]  lib/raid6/int4.o
  CC [M]  fs/exfat/balloc.o
  CC [M]  drivers/usb/serial/bus.o
  CC [M]  lib/raid6/int8.o
  LD [M]  fs/exfat/exfat.o
  CC [M]  drivers/usb/serial/ftdi_sio.o
  CC [M]  fs/netfs/write_issue.o
  CC [M]  lib/raid6/altivec1.o
  CC [M]  drivers/usb/serial/pl2303.o
  CC [M]  lib/raid6/altivec2.o
  CC [M]  fs/netfs/write_retry.o
  LD [M]  drivers/usb/serial/usbserial.o
  CC [M]  drivers/usb/usbip/usbip_common.o
  CC [M]  lib/raid6/altivec4.o
  LD [M]  fs/netfs/netfs.o
  CC [M]  fs/isofs/namei.o
  CC [M]  lib/raid6/altivec8.o
  CC [M]  fs/isofs/inode.o
  CC [M]  drivers/usb/usbip/usbip_event.o
  CC [M]  lib/raid6/vpermxor1.o
  CC [M]  fs/isofs/dir.o
  CC [M]  lib/raid6/vpermxor2.o
  CC [M]  drivers/usb/usbip/vhci_sysfs.o
  CC [M]  fs/isofs/util.o
  CC [M]  lib/raid6/vpermxor4.o
  CC [M]  drivers/usb/usbip/vhci_tx.o
  CC [M]  fs/isofs/rock.o
  CC [M]  lib/raid6/vpermxor8.o
  CC [M]  drivers/usb/usbip/vhci_rx.o
  CC [M]  fs/isofs/export.o
  CC [M]  lib/raid6/tables.o
  CC [M]  drivers/usb/usbip/vhci_hcd.o
  CC [M]  fs/isofs/joliet.o
  CC [M]  drivers/usb/usbip/stub_dev.o
  CC [M]  fs/isofs/compress.o
  LD [M]  lib/raid6/raid6_pq.o
  CC [M]  lib/asn1_decoder.o
  CC [M]  drivers/usb/usbip/stub_main.o
  CC [M]  drivers/usb/usbip/stub_rx.o
  LD [M]  fs/isofs/isofs.o
  CC [M]  fs/hfsplus/super.o
  CC [M]  drivers/usb/usbip/stub_tx.o
  CC [M]  fs/hfsplus/options.o
  CC [M]  fs/hfsplus/inode.o
  CC [M]  fs/hfs/bitmap.o
  LD [M]  drivers/usb/usbip/usbip-core.o
  LD [M]  drivers/usb/usbip/vhci-hcd.o
  LD [M]  drivers/usb/usbip/usbip-host.o
  CC [M]  fs/hfs/bfind.o
  CC [M]  fs/hfsplus/ioctl.o
  CC [M]  drivers/input/joystick/xpad.o
  CC [M]  drivers/i2c/busses/i2c-sis96x.o
  CC [M]  fs/hfs/bnode.o
  CC [M]  fs/hfsplus/extents.o
  CC [M]  drivers/input/misc/uinput.o
  CC [M]  fs/nfsd/trace.o
  CC [M]  fs/hfs/brec.o
  CC [M]  fs/hfsplus/catalog.o
  CC [M]  drivers/input/joydev.o
  CC [M]  fs/nfsd/nfssvc.o
  CC [M]  fs/hfs/btree.o
  CC [M]  drivers/input/evdev.o
  CC [M]  fs/hfsplus/dir.o
  CC [M]  fs/hfs/catalog.o
  CC [M]  fs/nfsd/nfsctl.o
  CC [M]  fs/hfsplus/btree.o
  CC [M]  fs/hfs/dir.o
  CC [M]  fs/hfs/extent.o
  CC [M]  fs/hfsplus/bnode.o
  CC [M]  fs/nfsd/nfsfh.o
  CC [M]  fs/hfs/inode.o
  CC [M]  fs/hfsplus/brec.o
  CC [M]  drivers/hid/hid-a4tech.o
  CC [M]  fs/hfs/attr.o
  CC [M]  fs/nfsd/vfs.o
  CC [M]  fs/hfsplus/bfind.o
  CC [M]  drivers/hid/hid-cherry.o
  CC [M]  fs/hfs/mdb.o
  CC [M]  fs/hfsplus/tables.o
  CC [M]  drivers/hid/hid-gyration.o
  CC [M]  fs/nfsd/export.o
  CC [M]  fs/hfs/part_tbl.o
  CC [M]  fs/hfsplus/unicode.o
  CC [M]  drivers/hid/hid-nintendo.o
  CC [M]  fs/hfs/string.o
  CC [M]  fs/nfsd/auth.o
  CC [M]  fs/hfsplus/wrapper.o
  CC [M]  fs/hfs/super.o
  CC [M]  drivers/hid/hid-wiimote-core.o
  CC [M]  fs/nfsd/lockd.o
  CC [M]  fs/hfsplus/bitmap.o
  CC [M]  fs/hfs/sysdep.o
  CC [M]  drivers/hid/hid-wiimote-modules.o
  CC [M]  fs/hfs/trans.o
  CC [M]  fs/hfsplus/part_tbl.o
  CC [M]  fs/nfsd/nfscache.o
  CC [M]  drivers/hid/hid-wiimote-debug.o
  LD [M]  fs/hfs/hfs.o
  CC [M]  fs/smb/common/cifs_md4.o
  CC [M]  fs/hfsplus/attributes.o
  CC [M]  fs/smb/client/trace.o
  LD [M]  drivers/hid/hid-wiimote.o
  CC [M]  fs/nfsd/stats.o
  CC [M]  fs/hfsplus/xattr.o
  CC [M]  drivers/connector/cn_queue.o
  CC [M]  fs/smb/client/cifsfs.o
  CC [M]  fs/hfsplus/xattr_user.o
  CC [M]  fs/nfsd/filecache.o
  CC [M]  drivers/connector/connector.o
  CC [M]  fs/hfsplus/xattr_security.o
  CC [M]  fs/smb/client/cifs_debug.o
  CC [M]  fs/nfsd/nfs3proc.o
  CC [M]  fs/hfsplus/xattr_trusted.o
  LD [M]  drivers/connector/cn.o
  CC [M]  fs/nfsd/nfs3xdr.o
  CC [M]  fs/smb/client/connect.o
  LD [M]  fs/hfsplus/hfsplus.o
  CC [M]  fs/smb/client/dir.o
  CC [M]  fs/nfsd/netlink.o
  CC [M]  fs/smb/client/file.o
  CC [M]  fs/nfsd/nfs3acl.o
  CC [M]  fs/nfsd/nfs4proc.o
  CC [M]  fs/smb/server/unicode.o
  CC [M]  fs/smb/server/auth.o
  CC [M]  fs/ntfs3/attrib.o
  CC [M]  fs/smb/client/inode.o
  CC [M]  fs/nfsd/nfs4xdr.o
  CC [M]  fs/ntfs3/attrlist.o
  CC [M]  fs/smb/server/vfs.o
  CC [M]  fs/smb/client/link.o
  CC [M]  fs/ntfs3/bitfunc.o
  CC [M]  fs/nfsd/nfs4state.o
  CC [M]  fs/smb/server/vfs_cache.o
  CC [M]  fs/ntfs3/bitmap.o
  CC [M]  fs/smb/client/misc.o
  CC [M]  fs/ntfs3/dir.o
  CC [M]  fs/smb/server/server.o
  CC [M]  fs/smb/client/netmisc.o
  CC [M]  fs/ntfs3/fsntfs.o
  CC [M]  fs/nfsd/nfs4idmap.o
  CC [M]  fs/smb/server/ndr.o
  CC [M]  fs/smb/client/smbencrypt.o
  CC [M]  fs/ntfs3/frecord.o
  CC [M]  fs/nfsd/nfs4acl.o
  CC [M]  fs/smb/server/misc.o
  CC [M]  fs/ntfs3/file.o
  CC [M]  fs/smb/client/transport.o
  CC [M]  fs/nfsd/nfs4callback.o
  CC [M]  fs/smb/server/oplock.o
  CC [M]  fs/ntfs3/fslog.o
  CC [M]  fs/smb/client/cached_dir.o
  CC [M]  fs/nfsd/nfs4recover.o
  CC [M]  fs/smb/server/connection.o
  CC [M]  fs/ntfs3/inode.o
  CC [M]  fs/smb/client/cifs_unicode.o
  CC [M]  fs/ntfs3/index.o
  CC [M]  fs/nfsd/nfs4xdr_gen.o
  CC [M]  fs/smb/server/ksmbd_work.o
  CC [M]  fs/smb/client/nterr.o
  CC [M]  fs/smb/client/cifsencrypt.o
  CC [M]  fs/ntfs3/lznt.o
  CC [M]  fs/nfsd/debugfs.o
  CC [M]  fs/smb/server/crypto_ctx.o
  CC [M]  fs/ntfs3/namei.o
  CC [M]  fs/smb/client/readdir.o
  CC [M]  fs/smb/server/mgmt/ksmbd_ida.o
  LD [M]  fs/nfsd/nfsd.o
  CC [M]  fs/ntfs3/record.o
  CC [M]  fs/smb/server/mgmt/user_config.o
  CC [M]  fs/smb/client/ioctl.o
  CC [M]  fs/smb/server/mgmt/share_config.o
  CC [M]  fs/ntfs3/run.o
  CC [M]  fs/smb/client/sess.o
  CC [M]  fs/smb/server/mgmt/tree_connect.o
  CC [M]  fs/ntfs3/super.o
  CC [M]  fs/smb/server/mgmt/user_session.o
  CC [M]  fs/smb/client/export.o
  CC [M]  fs/autofs/init.o
  CC [M]  fs/ntfs3/upcase.o
  CC [M]  fs/smb/client/unc.o
  CC [M]  fs/smb/server/smb_common.o
  CC [M]  fs/autofs/inode.o
  CC [M]  fs/ntfs3/xattr.o
  CC [M]  fs/autofs/root.o
  CC [M]  fs/smb/client/winucase.o
  LD [M]  fs/ntfs3/ntfs3.o
  CC [M]  fs/smb/client/smb2ops.o
  CC [M]  fs/smb/client/smb2maperror.o
  CC [M]  fs/smb/server/transport_tcp.o
  CC [M]  fs/autofs/symlink.o
  CC [M]  fs/smb/client/smb2transport.o
  CC [M]  fs/smb/server/transport_ipc.o
  CC [M]  fs/autofs/waitq.o
  CC [M]  fs/smb/client/smb2misc.o
  CC [M]  fs/smb/client/smb2pdu.o
  CC [M]  fs/autofs/expire.o
  CC [M]  fs/smb/server/smbacl.o
  CC [M]  fs/fuse/trace.o
  CC [M]  fs/autofs/dev-ioctl.o
  CC [M]  fs/smb/server/smb2pdu.o
  CC [M]  fs/fuse/dev.o
  CC [M]  fs/smb/client/smb2inode.o
  LD [M]  fs/autofs/autofs4.o
  CC [M]  fs/udf/balloc.o
  CC [M]  fs/udf/dir.o
  CC [M]  fs/smb/client/smb2file.o
  CC [M]  fs/fuse/dir.o
  CC [M]  fs/udf/file.o
  CC [M]  fs/smb/server/smb2ops.o
  CC [M]  fs/smb/client/cifsacl.o
  CC [M]  fs/udf/ialloc.o
  CC [M]  fs/fuse/file.o
  CC [M]  fs/smb/server/smb2misc.o
  CC [M]  fs/udf/inode.o
  CC [M]  fs/smb/client/fs_context.o
  CC [M]  fs/fuse/inode.o
  ASN.1   fs/smb/server/ksmbd_spnego_negtokeninit.asn1.[ch]
  ASN.1   fs/smb/server/ksmbd_spnego_negtokentarg.asn1.[ch]
  CC [M]  fs/smb/server/ksmbd_spnego_negtokeninit.asn1.o
  CC [M]  fs/smb/server/ksmbd_spnego_negtokentarg.asn1.o
  CC [M]  fs/udf/lowlevel.o
  CC [M]  fs/smb/server/asn1.o
  CC [M]  fs/smb/client/dns_resolve.o
  CC [M]  fs/udf/namei.o
  CC [M]  fs/fuse/control.o
  LD [M]  fs/smb/server/ksmbd.o
  ASN.1   fs/smb/client/cifs_spnego_negtokeninit.asn1.[ch]
  CC [M]  fs/xfs/xfs_trace.o
  CC [M]  fs/smb/client/namespace.o
  CC [M]  fs/udf/partition.o
  CC [M]  fs/fuse/xattr.o
  CC [M]  fs/udf/super.o
  CC [M]  fs/xfs/libxfs/xfs_group.o
  CC [M]  fs/smb/client/reparse.o
  CC [M]  fs/fuse/acl.o
  CC [M]  fs/udf/truncate.o
  CC [M]  fs/xfs/libxfs/xfs_ag.o
  CC [M]  fs/fuse/readdir.o
  CC [M]  fs/smb/client/smb1ops.o
  CC [M]  fs/udf/symlink.o
  CC [M]  fs/fuse/ioctl.o
  CC [M]  fs/xfs/libxfs/xfs_ag_resv.o
  CC [M]  fs/udf/directory.o
  CC [M]  fs/smb/client/cifssmb.o
  CC [M]  fs/udf/misc.o
  CC [M]  fs/fuse/iomode.o
  CC [M]  fs/xfs/libxfs/xfs_alloc.o
  CC [M]  fs/udf/udftime.o
  CC [M]  fs/fuse/passthrough.o
  CC [M]  fs/smb/client/cifstransport.o
  CC [M]  fs/xfs/libxfs/xfs_alloc_btree.o
  CC [M]  fs/udf/unicode.o
  CC [M]  fs/fuse/backing.o
  CC [M]  fs/smb/client/cifs_spnego_negtokeninit.asn1.o
  CC [M]  fs/smb/client/asn1.o
  LD [M]  fs/udf/udf.o
  CC [M]  fs/fuse/sysctl.o
  CC [M]  fs/xfs/libxfs/xfs_attr.o
  CC [M]  fs/fuse/dev_uring.o
  CC [M]  fs/xfs/libxfs/xfs_attr_leaf.o
  LD [M]  fs/smb/client/cifs.o
  CC [M]  fs/xfs/libxfs/xfs_attr_remote.o
  CC [M]  fs/btrfs/super.o
  LD [M]  fs/fuse/fuse.o
  CC [M]  fs/xfs/libxfs/xfs_bit.o
  CC [M]  fs/xfs/libxfs/xfs_bmap.o
  CC [M]  fs/xfs/libxfs/xfs_bmap_btree.o
  CC [M]  fs/xfs/libxfs/xfs_btree.o
  CC [M]  fs/btrfs/ctree.o
  CC [M]  fs/xfs/libxfs/xfs_btree_staging.o
  CC [M]  fs/xfs/libxfs/xfs_da_btree.o
  CC [M]  fs/xfs/libxfs/xfs_defer.o
  CC [M]  fs/btrfs/extent-tree.o
  CC [M]  fs/xfs/libxfs/xfs_dir2.o
  CC [M]  fs/btrfs/print-tree.o
  CC [M]  fs/xfs/libxfs/xfs_dir2_block.o
  CC [M]  fs/xfs/libxfs/xfs_dir2_data.o
  CC [M]  fs/btrfs/root-tree.o
  CC [M]  fs/xfs/libxfs/xfs_dir2_leaf.o
  CC [M]  fs/btrfs/dir-item.o
  CC [M]  fs/btrfs/file-item.o
  CC [M]  fs/btrfs/inode-item.o
  CC [M]  fs/xfs/libxfs/xfs_dir2_node.o
  CC [M]  fs/btrfs/disk-io.o
  CC [M]  fs/btrfs/transaction.o
  CC [M]  fs/btrfs/inode.o
  CC [M]  fs/xfs/libxfs/xfs_dir2_sf.o
  CC [M]  fs/btrfs/file.o
  CC [M]  fs/btrfs/defrag.o
  CC [M]  fs/xfs/libxfs/xfs_dquot_buf.o
  CC [M]  fs/btrfs/extent_map.o
  CC [M]  fs/xfs/libxfs/xfs_exchmaps.o
  CC [M]  fs/btrfs/sysfs.o
  CC [M]  fs/xfs/libxfs/xfs_ialloc.o
  CC [M]  fs/btrfs/accessors.o
  CC [M]  fs/xfs/libxfs/xfs_ialloc_btree.o
  CC [M]  fs/btrfs/xattr.o
  CC [M]  fs/btrfs/ordered-data.o
  CC [M]  fs/xfs/libxfs/xfs_iext_tree.o
  CC [M]  fs/btrfs/extent_io.o
  CC [M]  fs/xfs/libxfs/xfs_inode_fork.o
  CC [M]  fs/btrfs/volumes.o
  CC [M]  fs/xfs/libxfs/xfs_inode_buf.o
  CC [M]  fs/btrfs/async-thread.o
  CC [M]  fs/xfs/libxfs/xfs_inode_util.o
  CC [M]  fs/xfs/libxfs/xfs_log_rlimit.o
  CC [M]  fs/xfs/libxfs/xfs_metadir.o
  CC [M]  fs/btrfs/ioctl.o
  CC [M]  fs/xfs/libxfs/xfs_metafile.o
  CC [M]  fs/xfs/libxfs/xfs_parent.o
  CC [M]  fs/xfs/libxfs/xfs_rmap.o
  CC [M]  fs/btrfs/locking.o
  CC [M]  fs/btrfs/orphan.o
  CC [M]  fs/xfs/libxfs/xfs_rmap_btree.o
  CC [M]  fs/xfs/libxfs/xfs_refcount.o
  CC [M]  fs/btrfs/export.o
  CC [M]  fs/btrfs/tree-log.o
  CC [M]  fs/xfs/libxfs/xfs_refcount_btree.o
  CC [M]  fs/xfs/libxfs/xfs_rtrefcount_btree.o
  CC [M]  fs/btrfs/free-space-cache.o
  CC [M]  fs/xfs/libxfs/xfs_rtrmap_btree.o
  CC [M]  fs/btrfs/zlib.o
  CC [M]  fs/xfs/libxfs/xfs_sb.o
  CC [M]  fs/btrfs/lzo.o
  CC [M]  fs/xfs/libxfs/xfs_symlink_remote.o
  CC [M]  fs/btrfs/zstd.o
  CC [M]  fs/btrfs/compression.o
  CC [M]  fs/xfs/libxfs/xfs_trans_inode.o
  CC [M]  fs/xfs/libxfs/xfs_trans_resv.o
  CC [M]  fs/btrfs/delayed-ref.o
  CC [M]  fs/btrfs/relocation.o
  CC [M]  fs/xfs/libxfs/xfs_trans_space.o
  CC [M]  fs/btrfs/delayed-inode.o
  CC [M]  fs/xfs/libxfs/xfs_types.o
  CC [M]  fs/btrfs/scrub.o
  CC [M]  fs/xfs/xfs_aops.o
  CC [M]  fs/btrfs/backref.o
  CC [M]  fs/xfs/xfs_attr_inactive.o
  CC [M]  fs/btrfs/ulist.o
  CC [M]  fs/xfs/xfs_attr_list.o
  CC [M]  fs/xfs/xfs_bmap_util.o
  CC [M]  fs/xfs/xfs_bio_io.o
  CC [M]  fs/btrfs/qgroup.o
  CC [M]  fs/xfs/xfs_buf.o
  CC [M]  fs/xfs/xfs_dahash_test.o
  CC [M]  fs/xfs/xfs_dir2_readdir.o
  CC [M]  fs/btrfs/send.o
  CC [M]  fs/xfs/xfs_discard.o
  CC [M]  fs/xfs/xfs_error.o
  CC [M]  fs/xfs/xfs_exchrange.o
  CC [M]  fs/xfs/xfs_export.o
  CC [M]  fs/xfs/xfs_extent_busy.o
  CC [M]  fs/xfs/xfs_file.o
  CC [M]  fs/btrfs/dev-replace.o
  CC [M]  fs/btrfs/raid56.o
  CC [M]  fs/xfs/xfs_filestream.o
  CC [M]  fs/btrfs/uuid-tree.o
  CC [M]  fs/xfs/xfs_fsmap.o
  CC [M]  fs/xfs/xfs_fsops.o
  CC [M]  fs/btrfs/props.o
  CC [M]  fs/xfs/xfs_globals.o
  CC [M]  fs/btrfs/free-space-tree.o
  CC [M]  fs/btrfs/tree-checker.o
  CC [M]  fs/xfs/xfs_handle.o
  CC [M]  fs/xfs/xfs_health.o
  CC [M]  fs/btrfs/space-info.o
  CC [M]  fs/xfs/xfs_icache.o
  CC [M]  fs/xfs/xfs_ioctl.o
  CC [M]  fs/xfs/xfs_iomap.o
  CC [M]  fs/btrfs/block-rsv.o
  CC [M]  fs/xfs/xfs_iops.o
  CC [M]  fs/xfs/xfs_inode.o
  CC [M]  fs/xfs/xfs_itable.o
  CC [M]  fs/btrfs/delalloc-space.o
  CC [M]  fs/btrfs/block-group.o
  CC [M]  fs/xfs/xfs_iwalk.o
  CC [M]  fs/btrfs/discard.o
  CC [M]  fs/xfs/xfs_message.o
  CC [M]  fs/xfs/xfs_mount.o
  CC [M]  fs/btrfs/reflink.o
  CC [M]  fs/xfs/xfs_mru_cache.o
  CC [M]  fs/btrfs/subpage.o
  CC [M]  fs/btrfs/tree-mod-log.o
  CC [M]  fs/xfs/xfs_pwork.o
  CC [M]  fs/btrfs/extent-io-tree.o
  CC [M]  fs/btrfs/fs.o
  CC [M]  fs/xfs/xfs_reflink.o
  CC [M]  fs/xfs/xfs_stats.o
  CC [M]  fs/xfs/xfs_super.o
  CC [M]  fs/btrfs/messages.o
  CC [M]  fs/xfs/xfs_symlink.o
  CC [M]  fs/btrfs/bio.o
  CC [M]  fs/btrfs/lru_cache.o
  CC [M]  fs/btrfs/raid-stripe-tree.o
  CC [M]  fs/btrfs/fiemap.o
  CC [M]  fs/btrfs/direct-io.o
  CC [M]  fs/xfs/xfs_sysfs.o
  CC [M]  fs/btrfs/acl.o
  CC [M]  fs/xfs/xfs_trans.o
  CC [M]  fs/xfs/xfs_xattr.o
  CC [M]  fs/xfs/xfs_log.o
  LD [M]  fs/btrfs/btrfs.o
  CC [M]  fs/xfs/xfs_log_cil.o
  CC [M]  fs/xfs/xfs_bmap_item.o
  CC [M]  fs/xfs/xfs_buf_item.o
  CC [M]  fs/xfs/xfs_buf_item_recover.o
  CC [M]  fs/xfs/xfs_dquot_item_recover.o
  CC [M]  fs/xfs/xfs_exchmaps_item.o
  CC [M]  fs/xfs/xfs_extfree_item.o
  CC [M]  fs/xfs/xfs_attr_item.o
  CC [M]  fs/xfs/xfs_icreate_item.o
  CC [M]  fs/xfs/xfs_inode_item.o
  CC [M]  fs/xfs/xfs_inode_item_recover.o
  CC [M]  fs/xfs/xfs_iunlink_item.o
  CC [M]  fs/xfs/xfs_refcount_item.o
  CC [M]  fs/xfs/xfs_rmap_item.o
  CC [M]  fs/xfs/xfs_log_recover.o
  CC [M]  fs/xfs/xfs_trans_ail.o
  CC [M]  fs/xfs/xfs_trans_buf.o
  CC [M]  fs/xfs/xfs_dquot.o
  CC [M]  fs/xfs/xfs_dquot_item.o
  CC [M]  fs/xfs/xfs_trans_dquot.o
  CC [M]  fs/xfs/xfs_qm_syscalls.o
  CC [M]  fs/xfs/xfs_qm_bhv.o
  CC [M]  fs/xfs/xfs_qm.o
  CC [M]  fs/xfs/xfs_quotaops.o
  CC [M]  fs/xfs/xfs_acl.o
  CC [M]  fs/xfs/xfs_sysctl.o
  CC [M]  fs/xfs/xfs_ioctl32.o
  CC [M]  fs/xfs/xfs_drain.o
  CC [M]  fs/xfs/xfs_hooks.o
  CC [M]  fs/xfs/xfs_buf_mem.o
  CC [M]  fs/xfs/libxfs/xfs_btree_mem.o
  CC [M]  fs/xfs/scrub/trace.o
  CC [M]  fs/xfs/scrub/agb_bitmap.o
  CC [M]  fs/xfs/scrub/agheader.o
  CC [M]  fs/xfs/scrub/alloc.o
  CC [M]  fs/xfs/scrub/attr.o
  CC [M]  fs/xfs/scrub/bitmap.o
  CC [M]  fs/xfs/scrub/bmap.o
  CC [M]  fs/xfs/scrub/btree.o
  CC [M]  fs/xfs/scrub/common.o
  CC [M]  fs/xfs/scrub/dabtree.o
  CC [M]  fs/xfs/scrub/dir.o
  CC [M]  fs/xfs/scrub/dirtree.o
  CC [M]  fs/xfs/scrub/fscounters.o
  CC [M]  fs/xfs/scrub/health.o
  CC [M]  fs/xfs/scrub/ialloc.o
  CC [M]  fs/xfs/scrub/inode.o
  CC [M]  fs/xfs/scrub/iscan.o
  CC [M]  fs/xfs/scrub/listxattr.o
  CC [M]  fs/xfs/scrub/metapath.o
  CC [M]  fs/xfs/scrub/nlinks.o
  CC [M]  fs/xfs/scrub/parent.o
  CC [M]  fs/xfs/scrub/readdir.o
  CC [M]  fs/xfs/scrub/refcount.o
  CC [M]  fs/xfs/scrub/rmap.o
  CC [M]  fs/xfs/scrub/scrub.o
  CC [M]  fs/xfs/scrub/symlink.o
  CC [M]  fs/xfs/scrub/xfarray.o
  CC [M]  fs/xfs/scrub/xfblob.o
  CC [M]  fs/xfs/scrub/xfile.o
  CC [M]  fs/xfs/scrub/stats.o
  CC [M]  fs/xfs/scrub/dqiterate.o
  CC [M]  fs/xfs/scrub/quota.o
  CC [M]  fs/xfs/scrub/quotacheck.o
  CC [M]  fs/xfs/scrub/agheader_repair.o
  CC [M]  fs/xfs/scrub/alloc_repair.o
  CC [M]  fs/xfs/scrub/attr_repair.o
  CC [M]  fs/xfs/scrub/bmap_repair.o
  CC [M]  fs/xfs/scrub/cow_repair.o
  CC [M]  fs/xfs/scrub/dir_repair.o
  CC [M]  fs/xfs/scrub/dirtree_repair.o
  CC [M]  fs/xfs/scrub/findparent.o
  CC [M]  fs/xfs/scrub/fscounters_repair.o
  CC [M]  fs/xfs/scrub/ialloc_repair.o
  CC [M]  fs/xfs/scrub/inode_repair.o
  CC [M]  fs/xfs/scrub/newbt.o
  CC [M]  fs/xfs/scrub/nlinks_repair.o
  CC [M]  fs/xfs/scrub/orphanage.o
  CC [M]  fs/xfs/scrub/parent_repair.o
  CC [M]  fs/xfs/scrub/rcbag_btree.o
  CC [M]  fs/xfs/scrub/rcbag.o
  CC [M]  fs/xfs/scrub/reap.o
  CC [M]  fs/xfs/scrub/refcount_repair.o
  CC [M]  fs/xfs/scrub/repair.o
  CC [M]  fs/xfs/scrub/rmap_repair.o
  CC [M]  fs/xfs/scrub/symlink_repair.o
  CC [M]  fs/xfs/scrub/tempfile.o
  CC [M]  fs/xfs/scrub/quota_repair.o
  CC [M]  fs/xfs/scrub/quotacheck_repair.o
  LD [M]  fs/xfs/xfs.o
  AR      built-in.a
  AR      vmlinux.a
  LD      vmlinux.o
  GEN     .vmlinux.objs
  MODPOST Module.symvers
  CC [M]  fs/nls/nls_ucs2_utils.mod.o
  CC [M]  .module-common.o
  CC [M]  fs/netfs/netfs.mod.o
  CC [M]  fs/exfat/exfat.mod.o
  CC [M]  fs/isofs/isofs.mod.o
  CC [M]  fs/hfsplus/hfsplus.mod.o
  CC [M]  fs/hfs/hfs.mod.o
  CC [M]  fs/nfsd/nfsd.mod.o
  CC [M]  fs/smb/common/cifs_md4.mod.o
  CC [M]  fs/smb/client/cifs.mod.o
  CC [M]  fs/smb/server/ksmbd.mod.o
  CC [M]  fs/ntfs3/ntfs3.mod.o
  CC [M]  fs/autofs/autofs4.mod.o
  CC [M]  fs/fuse/fuse.mod.o
  CC [M]  fs/udf/udf.mod.o
  CC [M]  fs/xfs/xfs.mod.o
  CC [M]  fs/btrfs/btrfs.mod.o
  CC [M]  crypto/geniv.mod.o
  CC [M]  crypto/echainiv.mod.o
  CC [M]  crypto/cmac.mod.o
  CC [M]  crypto/hmac.mod.o
  CC [M]  crypto/sha256.mod.o
  CC [M]  crypto/sha512.mod.o
  CC [M]  crypto/sha3_generic.mod.o
  CC [M]  crypto/blake2b_generic.mod.o
  CC [M]  crypto/ctr.mod.o
  CC [M]  crypto/gcm.mod.o
  CC [M]  crypto/ccm.mod.o
  CC [M]  crypto/crc32c-cryptoapi.mod.o
  CC [M]  crypto/xxhash_generic.mod.o
  CC [M]  crypto/ansi_cprng.mod.o
  CC [M]  crypto/drbg.mod.o
  CC [M]  crypto/jitterentropy_rng.mod.o
  CC [M]  crypto/ghash-generic.mod.o
  CC [M]  crypto/xor.mod.o
  CC [M]  lib/crc/crc-itu-t.mod.o
  CC [M]  lib/crypto/libarc4.mod.o
  CC [M]  lib/crypto/gf128mul.mod.o
  CC [M]  lib/crypto/libsha512.mod.o
  CC [M]  lib/lz4/lz4_compress.mod.o
  CC [M]  lib/lz4/lz4hc_compress.mod.o
  CC [M]  lib/zstd/zstd_compress.mod.o
  CC [M]  lib/842/842_compress.mod.o
  CC [M]  lib/842/842_decompress.mod.o
  CC [M]  lib/raid6/raid6_pq.mod.o
  CC [M]  lib/asn1_decoder.mod.o
  CC [M]  drivers/block/nbd.mod.o
  CC [M]  drivers/block/zram/zram.mod.o
  CC [M]  drivers/usb/class/cdc-acm.mod.o
  CC [M]  drivers/usb/serial/usbserial.mod.o
  CC [M]  drivers/usb/serial/ftdi_sio.mod.o
  CC [M]  drivers/usb/serial/pl2303.mod.o
  CC [M]  drivers/usb/usbip/usbip-core.mod.o
  CC [M]  drivers/usb/usbip/vhci-hcd.mod.o
  CC [M]  drivers/usb/usbip/usbip-host.mod.o
  CC [M]  drivers/input/joystick/xpad.mod.o
  CC [M]  drivers/input/misc/uinput.mod.o
  CC [M]  drivers/input/joydev.mod.o
  CC [M]  drivers/input/evdev.mod.o
  CC [M]  drivers/i2c/busses/i2c-sis96x.mod.o
  CC [M]  drivers/hid/hid-a4tech.mod.o
  CC [M]  drivers/hid/hid-cherry.mod.o
  CC [M]  drivers/hid/hid-gyration.mod.o
  CC [M]  drivers/hid/hid-nintendo.mod.o
  CC [M]  drivers/hid/hid-wiimote.mod.o
  CC [M]  drivers/connector/cn.mod.o
  LD [M]  fs/nls/nls_ucs2_utils.ko
  LD [M]  fs/netfs/netfs.ko
  LD [M]  fs/exfat/exfat.ko
  LD [M]  fs/isofs/isofs.ko
  LD [M]  fs/hfsplus/hfsplus.ko
  LD [M]  fs/hfs/hfs.ko
  LD [M]  fs/nfsd/nfsd.ko
  LD [M]  fs/smb/common/cifs_md4.ko
  LD [M]  fs/smb/client/cifs.ko
  LD [M]  fs/smb/server/ksmbd.ko
  LD [M]  fs/ntfs3/ntfs3.ko
  LD [M]  fs/autofs/autofs4.ko
  LD [M]  fs/fuse/fuse.ko
  LD [M]  fs/udf/udf.ko
  LD [M]  fs/xfs/xfs.ko
  LD [M]  fs/btrfs/btrfs.ko
  LD [M]  crypto/geniv.ko
  LD [M]  crypto/echainiv.ko
  LD [M]  crypto/cmac.ko
  LD [M]  crypto/hmac.ko
  LD [M]  crypto/sha256.ko
  LD [M]  crypto/sha512.ko
  LD [M]  crypto/sha3_generic.ko
  LD [M]  crypto/blake2b_generic.ko
  LD [M]  crypto/ctr.ko
  LD [M]  crypto/gcm.ko
  LD [M]  crypto/ccm.ko
  LD [M]  crypto/crc32c-cryptoapi.ko
  LD [M]  crypto/xxhash_generic.ko
  LD [M]  crypto/ansi_cprng.ko
  LD [M]  crypto/drbg.ko
  LD [M]  crypto/jitterentropy_rng.ko
  LD [M]  crypto/ghash-generic.ko
  LD [M]  crypto/xor.ko
  LD [M]  lib/crc/crc-itu-t.ko
  LD [M]  lib/crypto/libarc4.ko
  LD [M]  lib/crypto/gf128mul.ko
  LD [M]  lib/crypto/libsha512.ko
  LD [M]  lib/lz4/lz4_compress.ko
  LD [M]  lib/lz4/lz4hc_compress.ko
  LD [M]  lib/zstd/zstd_compress.ko
  LD [M]  lib/842/842_compress.ko
  LD [M]  lib/842/842_decompress.ko
  LD [M]  lib/raid6/raid6_pq.ko
  LD [M]  lib/asn1_decoder.ko
  LD [M]  drivers/block/nbd.ko
  LD [M]  drivers/block/zram/zram.ko
  LD [M]  drivers/usb/class/cdc-acm.ko
  LD [M]  drivers/usb/serial/usbserial.ko
  LD [M]  drivers/usb/serial/ftdi_sio.ko
  LD [M]  drivers/usb/serial/pl2303.ko
  LD [M]  drivers/usb/usbip/usbip-core.ko
  LD [M]  drivers/usb/usbip/vhci-hcd.ko
  LD [M]  drivers/usb/usbip/usbip-host.ko
  LD [M]  drivers/input/joystick/xpad.ko
  LD [M]  drivers/input/misc/uinput.ko
  LD [M]  drivers/input/joydev.ko
  LD [M]  drivers/input/evdev.ko
  LD [M]  drivers/i2c/busses/i2c-sis96x.ko
  LD [M]  drivers/hid/hid-a4tech.ko
  LD [M]  drivers/hid/hid-cherry.ko
  LD [M]  drivers/hid/hid-gyration.ko
  LD [M]  drivers/hid/hid-nintendo.ko
  LD [M]  drivers/hid/hid-wiimote.ko
  LD [M]  drivers/connector/cn.ko
make[1]: Leaving directory '/build'
make: Leaving directory '/src'
