make: Entering directory '/src'
make[1]: Entering directory '/build'
  GEN     Makefile
  HOSTCC  scripts/basic/fixdep
  HOSTCC  scripts/kconfig/conf.o
  HOSTCC  scripts/kconfig/confdata.o
  HOSTCC  scripts/kconfig/expr.o
  LEX     scripts/kconfig/lexer.lex.c
  YACC    scripts/kconfig/parser.tab.[ch]
  HOSTCC  scripts/kconfig/lexer.lex.o
  HOSTCC  scripts/kconfig/menu.o
  HOSTCC  scripts/kconfig/parser.tab.o
  HOSTCC  scripts/kconfig/preprocess.o
  HOSTCC  scripts/kconfig/symbol.o
  HOSTCC  scripts/kconfig/util.o
  HOSTLD  scripts/kconfig/conf
#
# configuration written to .config
#
make[1]: Leaving directory '/build'
make: Leaving directory '/src'
make: Entering directory '/src'
make[1]: Entering directory '/build'
  GEN     Makefile
  SYSHDR  arch/powerpc/include/generated/uapi/asm/unistd_32.h
  WRAP    arch/powerpc/include/generated/uapi/asm/bpf_perf_event.h
  WRAP    arch/powerpc/include/generated/uapi/asm/param.h
  WRAP    arch/powerpc/include/generated/uapi/asm/poll.h
  WRAP    arch/powerpc/include/generated/uapi/asm/resource.h
  WRAP    arch/powerpc/include/generated/uapi/asm/siginfo.h
  WRAP    arch/powerpc/include/generated/uapi/asm/sockios.h
  WRAP    arch/powerpc/include/generated/uapi/asm/statfs.h
  HOSTCC  scripts/dtc/dtc.o
  SYSHDR  arch/powerpc/include/generated/uapi/asm/unistd_64.h
  SYSTBL  arch/powerpc/include/generated/asm/syscall_table_32.h
  HOSTCC  scripts/dtc/flattree.o
  SYSTBL  arch/powerpc/include/generated/asm/syscall_table_64.h
  HOSTCC  scripts/dtc/fstree.o
  SYSTBL  arch/powerpc/include/generated/asm/syscall_table_spu.h
  HOSTCC  scripts/dtc/data.o
  UPD     include/config/kernel.release
  WRAP    arch/powerpc/include/generated/asm/agp.h
  WRAP    arch/powerpc/include/generated/asm/mcs_spinlock.h
  WRAP    arch/powerpc/include/generated/asm/qrwlock.h
  WRAP    arch/powerpc/include/generated/asm/early_ioremap.h
  WRAP    arch/powerpc/include/generated/asm/cfi.h
  WRAP    arch/powerpc/include/generated/asm/div64.h
  WRAP    arch/powerpc/include/generated/asm/dma-mapping.h
  WRAP    arch/powerpc/include/generated/asm/irq_regs.h
  WRAP    arch/powerpc/include/generated/asm/kmap_size.h
  WRAP    arch/powerpc/include/generated/asm/local64.h
  WRAP    arch/powerpc/include/generated/asm/msi.h
  WRAP    arch/powerpc/include/generated/asm/rqspinlock.h
  WRAP    arch/powerpc/include/generated/asm/runtime-const.h
  WRAP    arch/powerpc/include/generated/asm/rwonce.h
  WRAP    arch/powerpc/include/generated/asm/simd.h
  WRAP    arch/powerpc/include/generated/asm/softirq_stack.h
  WRAP    arch/powerpc/include/generated/asm/unwind_user.h
  UPD     include/generated/uapi/linux/version.h
  UPD     include/generated/utsrelease.h
  UPD     include/generated/compile.h
  HOSTCC  scripts/dtc/livetree.o
  HOSTCC  scripts/dtc/treesource.o
  HOSTCC  scripts/dtc/srcpos.o
  HOSTCC  scripts/dtc/checks.o
  HOSTCC  scripts/dtc/util.o
  LEX     scripts/dtc/dtc-lexer.lex.c
  YACC    scripts/dtc/dtc-parser.tab.[ch]
  HOSTCC  scripts/dtc/libfdt/fdt.o
  HOSTCC  scripts/dtc/libfdt/fdt_ro.o
  HOSTCC  scripts/dtc/libfdt/fdt_wip.o
  HOSTCC  scripts/dtc/libfdt/fdt_sw.o
  HOSTCC  scripts/dtc/libfdt/fdt_rw.o
  HOSTCC  scripts/dtc/libfdt/fdt_strerror.o
  HOSTCC  scripts/dtc/libfdt/fdt_empty_tree.o
  HOSTCC  scripts/dtc/libfdt/fdt_addresses.o
  HOSTCC  scripts/dtc/libfdt/fdt_overlay.o
  HOSTCC  scripts/dtc/fdtoverlay.o
  HOSTCC  scripts/dtc/dtc-lexer.lex.o
  HOSTCC  scripts/dtc/dtc-parser.tab.o
  HOSTLD  scripts/dtc/fdtoverlay
  HOSTLD  scripts/dtc/dtc
  HOSTCC  scripts/kallsyms
  HOSTCC  scripts/genksyms/genksyms.o
  YACC    scripts/genksyms/parse.tab.[ch]
  HOSTCC  scripts/sorttable
  LEX     scripts/genksyms/lex.lex.c
  HOSTCC  scripts/genksyms/parse.tab.o
  HOSTCC  scripts/asn1_compiler
  HOSTCC  scripts/genksyms/lex.lex.o
  HOSTLD  scripts/genksyms/genksyms
  CC      scripts/mod/empty.o
  HOSTCC  scripts/mod/mk_elfconfig
  CC      scripts/mod/devicetable-offsets.s
  MKELF   scripts/mod/elfconfig.h
  HOSTCC  scripts/mod/modpost.o
  HOSTCC  scripts/mod/sumversion.o
  HOSTCC  scripts/mod/symsearch.o
  UPD     scripts/mod/devicetable-offsets.h
  HOSTCC  scripts/mod/file2alias.o
  HOSTLD  scripts/mod/modpost
  CC      kernel/bounds.s
  UPD     include/generated/timeconst.h
  CHKSHA1 /src/include/linux/atomic/atomic-arch-fallback.h
  CHKSHA1 /src/include/linux/atomic/atomic-instrumented.h
  CHKSHA1 /src/include/linux/atomic/atomic-long.h
  UPD     include/generated/bounds.h
  CC      arch/powerpc/kernel/asm-offsets.s
  UPD     include/generated/asm-offsets.h
  CC      kernel/sched/rq-offsets.s
  UPD     include/generated/rq-offsets.h
  CALL    /src/scripts/checksyscalls.sh
  LDS     arch/powerpc/kernel/vdso/vdso32.lds
  VDSO32A arch/powerpc/kernel/vdso/sigtramp32-32.o
  VDSO32A arch/powerpc/kernel/vdso/gettimeofday-32.o
  VDSO32A arch/powerpc/kernel/vdso/datapage-32.o
  VDSO32A arch/powerpc/kernel/vdso/cacheflush-32.o
  VDSO32A arch/powerpc/kernel/vdso/note-32.o
  VDSO32A arch/powerpc/kernel/vdso/getcpu-32.o
  VDSO32A arch/powerpc/kernel/vdso/getrandom-32.o
  VDSO32A arch/powerpc/kernel/vdso/vgetrandom-chacha-32.o
  VDSO32C arch/powerpc/kernel/vdso/vgettimeofday-32.o
  VDSO32C arch/powerpc/kernel/vdso/vgetrandom-32.o
  VDSO32A arch/powerpc/kernel/vdso/crtsavres-32.o
  VDSO32L arch/powerpc/kernel/vdso/vdso32.so.dbg
  VDSO32SYM include/generated/vdso32-offsets.h
  LDS     arch/powerpc/kernel/vdso/vdso64.lds
  VDSO64A arch/powerpc/kernel/vdso/sigtramp64-64.o
  VDSO64A arch/powerpc/kernel/vdso/gettimeofday-64.o
  VDSO64A arch/powerpc/kernel/vdso/datapage-64.o
  VDSO64A arch/powerpc/kernel/vdso/cacheflush-64.o
  VDSO64A arch/powerpc/kernel/vdso/note-64.o
  VDSO64A arch/powerpc/kernel/vdso/getcpu-64.o
  VDSO64A arch/powerpc/kernel/vdso/getrandom-64.o
  VDSO64A arch/powerpc/kernel/vdso/vgetrandom-chacha-64.o
  CC      arch/powerpc/kernel/vdso/vgettimeofday-64.o
  CC      arch/powerpc/kernel/vdso/vgetrandom-64.o
  VDSO64L arch/powerpc/kernel/vdso/vdso64.so.dbg
  VDSO64SYM include/generated/vdso64-offsets.h
  CC [M]  sound/pci/snd-xenon.o
/src/sound/pci/snd-xenon.c:113:6: warning: no previous prototype for function 'xenon_smc_send_message' [-Wmissing-prototypes]
void xenon_smc_send_message(unsigned char *msg)
     ^
/src/sound/pci/snd-xenon.c:113:1: note: declare 'static' if the function is not intended to be used outside of this translation unit
void xenon_smc_send_message(unsigned char *msg)
^
static 
/src/sound/pci/snd-xenon.c:142:27: error: call to undeclared function 'from_timer'; ISO C99 and later do not support implicit function declarations [-Wimplicit-function-declaration]
        struct snd_xenon *chip = from_timer(chip, t, timer);
                                 ^
/src/sound/pci/snd-xenon.c:142:27: note: did you mean 'mod_timer'?
/src/include/linux/timer.h:151:12: note: 'mod_timer' declared here
extern int mod_timer(struct timer_list *timer, unsigned long expires);
           ^
/src/sound/pci/snd-xenon.c:142:47: error: use of undeclared identifier 'timer'
        struct snd_xenon *chip = from_timer(chip, t, timer);
                                                     ^
/src/sound/pci/snd-xenon.c:478:26: error: call to undeclared function 'pci_alloc_consistent'; ISO C99 and later do not support implicit function declarations [-Wimplicit-function-declaration]
        chip->descr_base_virt = pci_alloc_consistent(chip->pci,
                                ^
/src/sound/pci/snd-xenon.c:478:24: error: incompatible integer to pointer conversion assigning to 'void *' from 'int' [-Wint-conversion]
        chip->descr_base_virt = pci_alloc_consistent(chip->pci,
                              ^ ~~~~~~~~~~~~~~~~~~~~~~~~~~~~~~~
/src/sound/pci/snd-xenon.c:553:3: error: call to undeclared function 'snd_printk'; ISO C99 and later do not support implicit function declarations [-Wimplicit-function-declaration]
                snd_printk(KERN_ERR "unable to grab IRQ %d\n", pci->irq);
                ^
/src/sound/pci/snd-xenon.c:564:3: error: call to undeclared function 'snd_printk'; ISO C99 and later do not support implicit function declarations [-Wimplicit-function-declaration]
                snd_printk(KERN_WARNING "Could not to create PCM\n");
                ^
/src/sound/pci/snd-xenon.c:602:2: error: call to undeclared function 'del_timer_sync'; ISO C99 and later do not support implicit function declarations [-Wimplicit-function-declaration]
        del_timer_sync(&chip->timer);
        ^
/src/sound/pci/snd-xenon.c:607:3: error: call to undeclared function 'pci_free_consistent'; ISO C99 and later do not support implicit function declarations [-Wimplicit-function-declaration]
                pci_free_consistent(chip->pci, DESCRIPTOR_BUFFER_SIZE * 2, chip->descr_base_virt, chip->descr_base_phys);
                ^
1 warning and 8 errors generated.
make[5]: *** [/src/scripts/Makefile.build:287: sound/pci/snd-xenon.o] Error 1
make[4]: *** [/src/scripts/Makefile.build:544: sound/pci] Error 2
make[3]: *** [/src/scripts/Makefile.build:544: sound] Error 2
make[2]: *** [/src/Makefile:2011: .] Error 2
make[1]: *** [/src/Makefile:248: __sub-make] Error 2
make[1]: Leaving directory '/build'
make: *** [Makefile:248: __sub-make] Error 2
make: Leaving directory '/src'
