make: Entering directory '/src'
make[1]: Entering directory '/build'
  SYNC    include/config/auto.conf.cmd
  GEN     Makefile
  HOSTCC  scripts/basic/fixdep
  HOSTCC  scripts/kconfig/conf.o
  HOSTCC  scripts/kconfig/confdata.o
  HOSTCC  scripts/kconfig/expr.o
  LEX     scripts/kconfig/lexer.lex.c
  YACC    scripts/kconfig/parser.tab.[ch]
  HOSTCC  scripts/kconfig/menu.o
  HOSTCC  scripts/kconfig/parser.tab.o
  HOSTCC  scripts/kconfig/preprocess.o
  HOSTCC  scripts/kconfig/symbol.o
  HOSTCC  scripts/kconfig/util.o
  HOSTCC  scripts/kconfig/lexer.lex.o
  HOSTLD  scripts/kconfig/conf
  GEN     Makefile
  SYSHDR  arch/powerpc/include/generated/uapi/asm/unistd_32.h
  WRAP    arch/powerpc/include/generated/uapi/asm/bpf_perf_event.h
  WRAP    arch/powerpc/include/generated/uapi/asm/param.h
  WRAP    arch/powerpc/include/generated/uapi/asm/poll.h
  WRAP    arch/powerpc/include/generated/uapi/asm/resource.h
  WRAP    arch/powerpc/include/generated/uapi/asm/siginfo.h
  WRAP    arch/powerpc/include/generated/uapi/asm/sockios.h
  WRAP    arch/powerpc/include/generated/uapi/asm/statfs.h
  HOSTCC  scripts/dtc/dtc.o
  SYSHDR  arch/powerpc/include/generated/uapi/asm/unistd_64.h
  HOSTCC  scripts/dtc/flattree.o
  SYSTBL  arch/powerpc/include/generated/asm/syscall_table_32.h
  SYSTBL  arch/powerpc/include/generated/asm/syscall_table_64.h
  HOSTCC  scripts/dtc/fstree.o
  SYSTBL  arch/powerpc/include/generated/asm/syscall_table_spu.h
  HOSTCC  scripts/dtc/data.o
  HOSTCC  scripts/dtc/livetree.o
  UPD     include/config/kernel.release
  WRAP    arch/powerpc/include/generated/asm/agp.h
  WRAP    arch/powerpc/include/generated/asm/mcs_spinlock.h
  WRAP    arch/powerpc/include/generated/asm/qrwlock.h
  WRAP    arch/powerpc/include/generated/asm/early_ioremap.h
  WRAP    arch/powerpc/include/generated/asm/cfi.h
  WRAP    arch/powerpc/include/generated/asm/div64.h
  WRAP    arch/powerpc/include/generated/asm/dma-mapping.h
  WRAP    arch/powerpc/include/generated/asm/irq_regs.h
  WRAP    arch/powerpc/include/generated/asm/kmap_size.h
  WRAP    arch/powerpc/include/generated/asm/local64.h
  WRAP    arch/powerpc/include/generated/asm/msi.h
  WRAP    arch/powerpc/include/generated/asm/rqspinlock.h
  WRAP    arch/powerpc/include/generated/asm/runtime-const.h
  WRAP    arch/powerpc/include/generated/asm/rwonce.h
  WRAP    arch/powerpc/include/generated/asm/simd.h
  WRAP    arch/powerpc/include/generated/asm/softirq_stack.h
  WRAP    arch/powerpc/include/generated/asm/unwind_user.h
  HOSTCC  scripts/dtc/treesource.o
  HOSTCC  scripts/dtc/srcpos.o
  HOSTCC  scripts/dtc/checks.o
  HOSTCC  scripts/dtc/util.o
  LEX     scripts/dtc/dtc-lexer.lex.c
  YACC    scripts/dtc/dtc-parser.tab.[ch]
  HOSTCC  scripts/dtc/libfdt/fdt.o
  HOSTCC  scripts/dtc/libfdt/fdt_ro.o
  HOSTCC  scripts/dtc/libfdt/fdt_wip.o
  HOSTCC  scripts/dtc/libfdt/fdt_sw.o
  HOSTCC  scripts/dtc/libfdt/fdt_rw.o
  HOSTCC  scripts/dtc/libfdt/fdt_strerror.o
  HOSTCC  scripts/dtc/libfdt/fdt_empty_tree.o
  HOSTCC  scripts/dtc/libfdt/fdt_addresses.o
  HOSTCC  scripts/dtc/libfdt/fdt_overlay.o
  HOSTCC  scripts/dtc/fdtoverlay.o
  UPD     include/generated/uapi/linux/version.h
  UPD     include/generated/utsrelease.h
  UPD     include/generated/compile.h
  HOSTCC  scripts/dtc/dtc-lexer.lex.o
  HOSTCC  scripts/dtc/dtc-parser.tab.o
  HOSTLD  scripts/dtc/fdtoverlay
  HOSTLD  scripts/dtc/dtc
  HOSTCC  scripts/kallsyms
  HOSTCC  scripts/genksyms/genksyms.o
  YACC    scripts/genksyms/parse.tab.[ch]
  HOSTCC  scripts/sorttable
  LEX     scripts/genksyms/lex.lex.c
  HOSTCC  scripts/genksyms/parse.tab.o
  HOSTCC  scripts/genksyms/lex.lex.o
  HOSTCC  scripts/asn1_compiler
  HOSTLD  scripts/genksyms/genksyms
  CC      scripts/mod/empty.o
  HOSTCC  scripts/mod/mk_elfconfig
  CC      scripts/mod/devicetable-offsets.s
  MKELF   scripts/mod/elfconfig.h
  HOSTCC  scripts/mod/modpost.o
  HOSTCC  scripts/mod/sumversion.o
  HOSTCC  scripts/mod/symsearch.o
  UPD     scripts/mod/devicetable-offsets.h
  HOSTCC  scripts/mod/file2alias.o
  HOSTLD  scripts/mod/modpost
  CC      kernel/bounds.s
  UPD     include/generated/timeconst.h
  CHKSHA1 /src/include/linux/atomic/atomic-arch-fallback.h
  CHKSHA1 /src/include/linux/atomic/atomic-instrumented.h
  CHKSHA1 /src/include/linux/atomic/atomic-long.h
  UPD     include/generated/bounds.h
  CC      arch/powerpc/kernel/asm-offsets.s
  UPD     include/generated/asm-offsets.h
  CC      kernel/sched/rq-offsets.s
  UPD     include/generated/rq-offsets.h
  CALL    /src/scripts/checksyscalls.sh
  LDS     arch/powerpc/kernel/vdso/vdso32.lds
  VDSO32A arch/powerpc/kernel/vdso/sigtramp32-32.o
  VDSO32A arch/powerpc/kernel/vdso/gettimeofday-32.o
  VDSO32A arch/powerpc/kernel/vdso/datapage-32.o
  VDSO32A arch/powerpc/kernel/vdso/cacheflush-32.o
  VDSO32A arch/powerpc/kernel/vdso/note-32.o
  VDSO32A arch/powerpc/kernel/vdso/getcpu-32.o
  VDSO32A arch/powerpc/kernel/vdso/getrandom-32.o
  VDSO32A arch/powerpc/kernel/vdso/vgetrandom-chacha-32.o
  VDSO32C arch/powerpc/kernel/vdso/vgettimeofday-32.o
  VDSO32C arch/powerpc/kernel/vdso/vgetrandom-32.o
  VDSO32A arch/powerpc/kernel/vdso/crtsavres-32.o
  VDSO32L arch/powerpc/kernel/vdso/vdso32.so.dbg
  VDSO32SYM include/generated/vdso32-offsets.h
  LDS     arch/powerpc/kernel/vdso/vdso64.lds
  VDSO64A arch/powerpc/kernel/vdso/sigtramp64-64.o
  VDSO64A arch/powerpc/kernel/vdso/gettimeofday-64.o
  VDSO64A arch/powerpc/kernel/vdso/datapage-64.o
  VDSO64A arch/powerpc/kernel/vdso/cacheflush-64.o
  VDSO64A arch/powerpc/kernel/vdso/note-64.o
  VDSO64A arch/powerpc/kernel/vdso/getcpu-64.o
  VDSO64A arch/powerpc/kernel/vdso/getrandom-64.o
  VDSO64A arch/powerpc/kernel/vdso/vgetrandom-chacha-64.o
  CC      arch/powerpc/kernel/vdso/vgettimeofday-64.o
  CC      arch/powerpc/kernel/vdso/vgetrandom-64.o
  VDSO64L arch/powerpc/kernel/vdso/vdso64.so.dbg
  VDSO64SYM include/generated/vdso64-offsets.h
  CC [M]  sound/pci/snd-xenon.o
make[1]: Leaving directory '/build'
make: Leaving directory '/src'
